[  0%] Building C object _deps/raylib-build/raylib/external/glfw/src/CMakeFiles/glfw.dir/context.c.o
[  0%] Building C object _deps/raylib-build/raylib/external/glfw/src/CMakeFiles/glfw.dir/init.c.o
[  0%] Building CXX object ps2xIOP/CMakeFiles/ps2_iop.dir/src/ps2_path.cpp.o
[  0%] Building C object _deps/raylib-build/raylib/external/glfw/src/CMakeFiles/glfw.dir/input.c.o
[  1%] Building C object _deps/raylib-build/raylib/external/glfw/src/CMakeFiles/glfw.dir/monitor.c.o
[  1%] Building C object _deps/raylib-build/raylib/external/glfw/src/CMakeFiles/glfw.dir/platform.c.o
[  1%] Building C object _deps/raylib-build/raylib/external/glfw/src/CMakeFiles/glfw.dir/vulkan.c.o
[  1%] Building C object _deps/raylib-build/raylib/external/glfw/src/CMakeFiles/glfw.dir/window.c.o
[  2%] Building C object _deps/raylib-build/raylib/external/glfw/src/CMakeFiles/glfw.dir/egl_context.c.o
[  2%] Building C object _deps/raylib-build/raylib/external/glfw/src/CMakeFiles/glfw.dir/osmesa_context.c.o
[  2%] Building C object _deps/raylib-build/raylib/external/glfw/src/CMakeFiles/glfw.dir/null_init.c.o
[  3%] Building C object _deps/raylib-build/raylib/external/glfw/src/CMakeFiles/glfw.dir/null_monitor.c.o
[  3%] Building C object _deps/raylib-build/raylib/external/glfw/src/CMakeFiles/glfw.dir/null_window.c.o
[  3%] Building C object _deps/raylib-build/raylib/external/glfw/src/CMakeFiles/glfw.dir/null_joystick.c.o
[  3%] Building C object _deps/raylib-build/raylib/external/glfw/src/CMakeFiles/glfw.dir/posix_module.c.o
[  4%] Building C object _deps/raylib-build/raylib/external/glfw/src/CMakeFiles/glfw.dir/posix_time.c.o
[  4%] Building C object _deps/raylib-build/raylib/external/glfw/src/CMakeFiles/glfw.dir/posix_thread.c.o
[  4%] Building C object _deps/raylib-build/raylib/external/glfw/src/CMakeFiles/glfw.dir/x11_init.c.o
[  5%] Building C object _deps/raylib-build/raylib/external/glfw/src/CMakeFiles/glfw.dir/x11_monitor.c.o
[  5%] Building CXX object ps2xIOP/CMakeFiles/ps2_iop.dir/src/iop_module_manager.cpp.o
[  5%] Building C object _deps/raylib-build/raylib/external/glfw/src/CMakeFiles/glfw.dir/x11_window.c.o
[  5%] Building C object _deps/raylib-build/raylib/external/glfw/src/CMakeFiles/glfw.dir/xkb_unicode.c.o
[  5%] Building C object _deps/raylib-build/raylib/external/glfw/src/CMakeFiles/glfw.dir/glx_context.c.o
[  6%] Building C object _deps/raylib-build/raylib/external/glfw/src/CMakeFiles/glfw.dir/linux_joystick.c.o
[  6%] Building C object _deps/raylib-build/raylib/external/glfw/src/CMakeFiles/glfw.dir/posix_poll.c.o
[  7%] Building CXX object ps2xIOP/CMakeFiles/ps2_iop.dir/src/iop_subsystem.cpp.o
[  7%] Built target glfw
[  7%] Building C object _deps/raylib-build/raylib/CMakeFiles/raylib.dir/raudio.c.o
[  7%] Building CXX object ps2xIOP/CMakeFiles/ps2_iop.dir/src/emulator/iop_emulator.cpp.o
[  7%] Building CXX object ps2xIOP/CMakeFiles/ps2_iop.dir/src/emulator/core/iop_cpu.cpp.o
[  8%] Building CXX object ps2xIOP/CMakeFiles/ps2_iop.dir/src/emulator/core/iop_kernel.cpp.o
[  8%] Building CXX object ps2xIOP/CMakeFiles/ps2_iop.dir/src/emulator/core/iop_memory.cpp.o
[  8%] Building CXX object ps2xIOP/CMakeFiles/ps2_iop.dir/src/emulator/services/iop_module_loader.cpp.o
[  9%] Building C object _deps/raylib-build/raylib/CMakeFiles/raylib.dir/rcore.c.o
[  9%] Building CXX object ps2xIOP/CMakeFiles/ps2_iop.dir/src/emulator/services/iop_rpc.cpp.o
[ 10%] Building CXX object ps2xIOP/CMakeFiles/ps2_iop.dir/src/emulator/imports/iop_cdvd.cpp.o
[ 10%] Building C object _deps/raylib-build/raylib/CMakeFiles/raylib.dir/rmodels.c.o
[ 10%] Building CXX object ps2xIOP/CMakeFiles/ps2_iop.dir/src/emulator/imports/iop_heaplib.cpp.o
[ 10%] Building CXX object ps2xIOP/CMakeFiles/ps2_iop.dir/src/emulator/imports/iop_imports.cpp.o
[ 10%] Building C object _deps/raylib-build/raylib/CMakeFiles/raylib.dir/rshapes.c.o
[ 10%] Building C object _deps/raylib-build/raylib/CMakeFiles/raylib.dir/rtext.c.o
[ 11%] Building CXX object ps2xIOP/CMakeFiles/ps2_iop.dir/src/emulator/imports/iop_intrman.cpp.o
[ 11%] Building CXX object ps2xIOP/CMakeFiles/ps2_iop.dir/src/emulator/imports/iop_ioman.cpp.o
[ 12%] Building C object _deps/raylib-build/raylib/CMakeFiles/raylib.dir/rtextures.c.o
[ 12%] Building CXX object ps2xIOP/CMakeFiles/ps2_iop.dir/src/emulator/imports/iop_loadcore.cpp.o
[ 12%] Building CXX object ps2xIOP/CMakeFiles/ps2_iop.dir/src/emulator/imports/iop_stdio.cpp.o
[ 13%] Building CXX object ps2xIOP/CMakeFiles/ps2_iop.dir/src/emulator/imports/iop_sysclib.cpp.o
[ 13%] Building CXX object ps2xIOP/CMakeFiles/ps2_iop.dir/src/emulator/imports/iop_sysmem.cpp.o
[ 13%] Building C object _deps/raylib-build/raylib/CMakeFiles/raylib.dir/utils.c.o
[ 13%] Building CXX object ps2xIOP/CMakeFiles/ps2_iop.dir/src/emulator/imports/iop_timrman.cpp.o
[ 14%] Building CXX object ps2xIOP/CMakeFiles/ps2_iop.dir/src/emulator/imports/iop_vblank.cpp.o
[ 14%] Building CXX object ps2xIOP/CMakeFiles/ps2_iop.dir/src/modules/dbcman.cpp.o
[ 14%] Building CXX object ps2xIOP/CMakeFiles/ps2_iop.dir/src/modules/libsd.cpp.o
[ 14%] Building CXX object ps2xIOP/CMakeFiles/ps2_iop.dir/src/modules/mcserv.cpp.o
[ 14%] Linking C static library libraylib.a
[ 14%] Built target raylib
[ 15%] Linking CXX static library libps2_iop.a
[ 15%] Built target ps2_iop
[ 15%] Building CXX object ps2xRuntime/CMakeFiles/ps2_runtime.dir/src/lib/game_overrides.cpp.o
[ 16%] Building CXX object ps2xRuntime/CMakeFiles/ps2_runtime.dir/src/lib/ps2_audio.cpp.o
[ 16%] Building CXX object ps2xRuntime/CMakeFiles/ps2_runtime.dir/src/lib/gs/ps2_gif_arbiter.cpp.o
[ 16%] Building CXX object ps2xRuntime/CMakeFiles/ps2_runtime.dir/src/lib/ps2_audio_vag.cpp.o
[ 16%] Building CXX object ps2xRuntime/CMakeFiles/ps2_runtime.dir/src/lib/gs/ps2_gs_memory.cpp.o
[ 16%] Building CXX object ps2xRuntime/CMakeFiles/ps2_runtime.dir/src/lib/gs/gs_frontend.cpp.o
[ 17%] Building CXX object ps2xRuntime/CMakeFiles/ps2_runtime.dir/src/lib/gs/gs_cpu_backend.cpp.o
[ 17%] Building CXX object ps2xRuntime/CMakeFiles/ps2_runtime.dir/src/lib/ps2_iop_host.cpp.o
[ 17%] Building CXX object ps2xRuntime/CMakeFiles/ps2_runtime.dir/src/lib/ps2_memory.cpp.o
[ 18%] Building CXX object ps2xRuntime/CMakeFiles/ps2_runtime.dir/src/lib/ps2_pad.cpp.o
[ 18%] Building CXX object ps2xRuntime/CMakeFiles/ps2_runtime.dir/src/lib/ps2_rom_device.cpp.o
[ 18%] Building CXX object ps2xRuntime/CMakeFiles/ps2_runtime.dir/src/lib/ps2_vfs.cpp.o
[ 18%] Building CXX object ps2xRuntime/CMakeFiles/ps2_runtime.dir/src/lib/ps2_runtime.cpp.o
[ 19%] Building CXX object ps2xRuntime/CMakeFiles/ps2_runtime.dir/src/lib/ps2_vif1_interpreter.cpp.o
[ 19%] Building CXX object ps2xRuntime/CMakeFiles/ps2_runtime.dir/src/lib/vu/ps2_vu1_core.cpp.o
[ 19%] Building CXX object ps2xRuntime/CMakeFiles/ps2_runtime.dir/src/lib/vu/ps2_vu1_upper.cpp.o
[ 19%] Building CXX object ps2xRuntime/CMakeFiles/ps2_runtime.dir/src/lib/vu/ps2_vu1_lower.cpp.o
[ 20%] Building CXX object ps2xRuntime/CMakeFiles/ps2_runtime.dir/src/lib/games_database.cpp.o
[ 20%] Building CXX object ps2xRuntime/CMakeFiles/ps2_runtime.dir/src/lib/Kernel/EeScheduler.cpp.o
[ 20%] Building CXX object ps2xRuntime/CMakeFiles/ps2_runtime.dir/src/lib/Kernel/Stubs/Audio.cpp.o
[ 21%] Building CXX object ps2xRuntime/CMakeFiles/ps2_runtime.dir/src/lib/Kernel/Stubs/CD.cpp.o
[ 21%] Building CXX object ps2xRuntime/CMakeFiles/ps2_runtime.dir/src/lib/Kernel/Stubs/Compatibility.cpp.o
[ 21%] Building CXX object ps2xRuntime/CMakeFiles/ps2_runtime.dir/src/lib/Kernel/Stubs/DMA.cpp.o
[ 21%] Building CXX object ps2xRuntime/CMakeFiles/ps2_runtime.dir/src/lib/Kernel/Stubs/Deci2.cpp.o
[ 22%] Building CXX object ps2xRuntime/CMakeFiles/ps2_runtime.dir/src/lib/Kernel/Stubs/FileIO.cpp.o
[ 22%] Building CXX object ps2xRuntime/CMakeFiles/ps2_runtime.dir/src/lib/Kernel/Stubs/Font.cpp.o
[ 22%] Building CXX object ps2xRuntime/CMakeFiles/ps2_runtime.dir/src/lib/Kernel/Stubs/GS.cpp.o
[ 23%] Building CXX object ps2xRuntime/CMakeFiles/ps2_runtime.dir/src/lib/Kernel/Stubs/IPU.cpp.o
[ 23%] Building CXX object ps2xRuntime/CMakeFiles/ps2_runtime.dir/src/lib/Kernel/Stubs/LibC.cpp.o
[ 23%] Building CXX object ps2xRuntime/CMakeFiles/ps2_runtime.dir/src/lib/Kernel/Stubs/MPEG.cpp.o
[ 23%] Building CXX object ps2xRuntime/CMakeFiles/ps2_runtime.dir/src/lib/Kernel/Stubs/MemoryCard.cpp.o
[ 24%] Building CXX object ps2xRuntime/CMakeFiles/ps2_runtime.dir/src/lib/Kernel/Stubs/Pad.cpp.o
[ 24%] Building CXX object ps2xRuntime/CMakeFiles/ps2_runtime.dir/src/lib/Kernel/Stubs/RPC.cpp.o
[ 24%] Building CXX object ps2xRuntime/CMakeFiles/ps2_runtime.dir/src/lib/Kernel/Stubs/SIF.cpp.o
[ 25%] Building CXX object ps2xRuntime/CMakeFiles/ps2_runtime.dir/src/lib/Kernel/Stubs/System.cpp.o
[ 25%] Building CXX object ps2xRuntime/CMakeFiles/ps2_runtime.dir/src/lib/Kernel/Stubs/TTY.cpp.o
[ 25%] Building CXX object ps2xRuntime/CMakeFiles/ps2_runtime.dir/src/lib/Kernel/Stubs/Unimplemented.cpp.o
[ 25%] Building CXX object ps2xRuntime/CMakeFiles/ps2_runtime.dir/src/lib/Kernel/Stubs/VU.cpp.o
[ 26%] Building CXX object ps2xRuntime/CMakeFiles/ps2_runtime.dir/src/lib/Kernel/Syscalls/Deci2.cpp.o
[ 26%] Building CXX object ps2xRuntime/CMakeFiles/ps2_runtime.dir/src/lib/Kernel/Syscalls/Dispatcher.cpp.o
[ 26%] Building CXX object ps2xRuntime/CMakeFiles/ps2_runtime.dir/src/lib/Kernel/Syscalls/FileIO.cpp.o
[ 27%] Building CXX object ps2xRuntime/CMakeFiles/ps2_runtime.dir/src/lib/Kernel/Syscalls/Interrupt.cpp.o
[ 27%] Building CXX object ps2xRuntime/CMakeFiles/ps2_runtime.dir/src/lib/Kernel/Syscalls/RPC.cpp.o
[ 27%] Building CXX object ps2xRuntime/CMakeFiles/ps2_runtime.dir/src/lib/Kernel/Syscalls/Sync.cpp.o
[ 27%] Building CXX object ps2xRuntime/CMakeFiles/ps2_runtime.dir/src/lib/Kernel/Syscalls/System.cpp.o
[ 28%] Building CXX object ps2xRuntime/CMakeFiles/ps2_runtime.dir/src/lib/Kernel/Syscalls/Thread.cpp.o
[ 28%] Linking CXX static library libps2_runtime.a
[ 28%] Built target ps2_runtime
[ 28%] Building CXX object ps2xRuntime/CMakeFiles/ps2EntryRunner.dir/cmake_pch.hxx.gch
[ 28%] Building CXX object ps2xRuntime/CMakeFiles/ps2EntryRunner.dir/Unity/unity_246_cxx.cxx.o
[ 29%] Building CXX object ps2xRuntime/CMakeFiles/ps2EntryRunner.dir/Unity/unity_248_cxx.cxx.o
[ 29%] Building CXX object ps2xRuntime/CMakeFiles/ps2EntryRunner.dir/Unity/unity_247_cxx.cxx.o
[ 29%] Building CXX object ps2xRuntime/CMakeFiles/ps2EntryRunner.dir/Unity/unity_245_cxx.cxx.o
[ 30%] Building CXX object ps2xRuntime/CMakeFiles/ps2EntryRunner.dir/Unity/unity_244_cxx.cxx.o
[ 30%] Building CXX object ps2xRuntime/CMakeFiles/ps2EntryRunner.dir/Unity/unity_243_cxx.cxx.o
[ 30%] Building CXX object ps2xRuntime/CMakeFiles/ps2EntryRunner.dir/Unity/unity_242_cxx.cxx.o
[ 31%] Building CXX object ps2xRuntime/CMakeFiles/ps2EntryRunner.dir/Unity/unity_241_cxx.cxx.o
[ 31%] Building CXX object ps2xRuntime/CMakeFiles/ps2EntryRunner.dir/Unity/unity_240_cxx.cxx.o
[ 31%] Building CXX object ps2xRuntime/CMakeFiles/ps2EntryRunner.dir/Unity/unity_239_cxx.cxx.o
[ 31%] Building CXX object ps2xRuntime/CMakeFiles/ps2EntryRunner.dir/Unity/unity_238_cxx.cxx.o
[ 32%] Building CXX object ps2xRuntime/CMakeFiles/ps2EntryRunner.dir/Unity/unity_237_cxx.cxx.o
[ 32%] Building CXX object ps2xRuntime/CMakeFiles/ps2EntryRunner.dir/Unity/unity_236_cxx.cxx.o
[ 32%] Building CXX object ps2xRuntime/CMakeFiles/ps2EntryRunner.dir/Unity/unity_235_cxx.cxx.o
[ 33%] Building CXX object ps2xRuntime/CMakeFiles/ps2EntryRunner.dir/Unity/unity_234_cxx.cxx.o
[ 33%] Building CXX object ps2xRuntime/CMakeFiles/ps2EntryRunner.dir/Unity/unity_233_cxx.cxx.o
[ 33%] Building CXX object ps2xRuntime/CMakeFiles/ps2EntryRunner.dir/Unity/unity_232_cxx.cxx.o
[ 33%] Building CXX object ps2xRuntime/CMakeFiles/ps2EntryRunner.dir/Unity/unity_231_cxx.cxx.o
[ 34%] Building CXX object ps2xRuntime/CMakeFiles/ps2EntryRunner.dir/Unity/unity_230_cxx.cxx.o
[ 34%] Building CXX object ps2xRuntime/CMakeFiles/ps2EntryRunner.dir/Unity/unity_229_cxx.cxx.o
[ 34%] Building CXX object ps2xRuntime/CMakeFiles/ps2EntryRunner.dir/Unity/unity_228_cxx.cxx.o
[ 34%] Building CXX object ps2xRuntime/CMakeFiles/ps2EntryRunner.dir/Unity/unity_227_cxx.cxx.o
[ 35%] Building CXX object ps2xRuntime/CMakeFiles/ps2EntryRunner.dir/Unity/unity_226_cxx.cxx.o
[ 35%] Building CXX object ps2xRuntime/CMakeFiles/ps2EntryRunner.dir/Unity/unity_225_cxx.cxx.o
[ 35%] Building CXX object ps2xRuntime/CMakeFiles/ps2EntryRunner.dir/Unity/unity_224_cxx.cxx.o
[ 36%] Building CXX object ps2xRuntime/CMakeFiles/ps2EntryRunner.dir/Unity/unity_223_cxx.cxx.o
[ 36%] Building CXX object ps2xRuntime/CMakeFiles/ps2EntryRunner.dir/Unity/unity_222_cxx.cxx.o
[ 36%] Building CXX object ps2xRuntime/CMakeFiles/ps2EntryRunner.dir/Unity/unity_221_cxx.cxx.o
[ 36%] Building CXX object ps2xRuntime/CMakeFiles/ps2EntryRunner.dir/Unity/unity_220_cxx.cxx.o
