Loading segment: 0x100000 - 0x47b280 (filesz: 0x2c2500, memsz: 0x37b280)
Registered code region: 100000 - 3c2500Loading segment: 0x70000000 - 0x70000390 (filesz: 0x4, memsz: 0x390)
ELF file loaded successfully. Entry point: 0x100008HEADLESS_START entry=0x100008 deadline_seconds=30 graphics_tested=false audio_tested=false
[SifInitRpc] Initialized[SIF module] load-emulated id=3 ref=1 path="cdrom0:\IRX\SIO2MAN.IRX;1"
[SIF module] load-emulated id=4 ref=1 path="cdrom0:\IRX\PADMAN.IRX;1"
[SIF module] load-emulated id=5 ref=1 path="cdrom0:\IRX\LIBSD.IRX;1"
[SIF module] load-emulated id=6 ref=1 path="cdrom0:\IRX\STREAM.IRX;1"
[SIF module] load-emulated id=7 ref=1 path="cdrom0:\IRX\CRI_ADXI.IRX;1"
[sceDmaSend] ch=0x1000d400 madr=0x4077c0 qwc=0x400 tadr=0x4077c0 chcr=0x181
[sceDmaSend] ch=0x1000d400 madr=0x4037c0 qwc=0x400 tadr=0x4037c0 chcr=0x181
[sceDmaSend] ch=0x1000d400 madr=0x4077c0 qwc=0x400 tadr=0x4077c0 chcr=0x181
[sceDmaSend] ch=0x1000d400 madr=0x4037c0 qwc=0x400 tadr=0x4037c0 chcr=0x181
[sceDmaSend] ch=0x1000d400 madr=0x4077c0 qwc=0x400 tadr=0x4077c0 chcr=0x181
[sceDmaSend] ch=0x1000d400 madr=0x4037c0 qwc=0x400 tadr=0x4037c0 chcr=0x181
[sceDmaSend] ch=0x1000d400 madr=0x4077c0 qwc=0x400 tadr=0x4077c0 chcr=0x181
[sceDmaSend] ch=0x1000d400 madr=0x4037c0 qwc=0x400 tadr=0x4037c0 chcr=0x181
[SIF module] load-emulated id=8 ref=1 path="cdrom0:\IRX\MCMAN.IRX;1"
[SIF module] load-emulated id=9 ref=1 path="cdrom0:\IRX\MCSERV.IRX;1"
[MC] GetInfo port=0 type=2 free=8192 format=1 result=0[MC] Sync cmd=1 result=0[MC] GetInfo port=1 type=2 free=8192 format=1 result=0[MC] Sync cmd=1 result=0EE_REGISTERS s0=0 a0=7812576 gp=3963376
GRAPHICS_ACTIVITY packed_packets=0 image_uploads=0 recent_draws=0 presentation_frame=0 width=0 height=0
MEMORY_GRAPHICS_ACTIVITY dma_starts=32 gif_copies=2 gs_writes=0 vif_writes=4
IOP_DIAGNOSTIC IOP_SIF_INITIALIZED 1
IOP_DIAGNOSTIC IOP_MODULE id=1 name=SIFCMD.IRX;1 base=65536 size=14080
IOP_DIAGNOSTIC IOP_MODULE id=2 name=CDVDFSV.IRX;1 base=79616 size=70144
IOP_DIAGNOSTIC IOP_MODULE id=3 name=SIO2MAN.IRX;1 base=149760 size=4096
IOP_DIAGNOSTIC IOP_MODULE id=4 name=PADMAN.IRX;1 base=153856 size=40192
IOP_DIAGNOSTIC IOP_MODULE id=5 name=LIBSD.IRX;1 base=194048 size=23040
IOP_DIAGNOSTIC IOP_MODULE id=6 name=STREAM.IRX;1 base=217088 size=82176
IOP_DIAGNOSTIC IOP_MODULE id=7 name=CRI_ADXI.IRX;1 base=299264 size=110848
IOP_DIAGNOSTIC IOP_MODULE id=8 name=MCMAN.IRX;1 base=410112 size=160256
IOP_DIAGNOSTIC IOP_MODULE id=9 name=MCSERV.IRX;1 base=570368 size=14336
IOP_DIAGNOSTIC IOP_THREAD id=1 pc=99784 entry=80308 state=6 waitId=1 priority=80 module=CDVDFSV.IRX;1 import=none ra=99784 a0=1 a1=4 v0=0
IOP_DIAGNOSTIC IOP_THREAD id=2 pc=100108 entry=99920 state=3 waitId=0 priority=81 module=CDVDFSV.IRX;1 import=none ra=100108 a0=105352 a1=2147485075 v0=0
IOP_DIAGNOSTIC IOP_THREAD id=3 pc=100276 entry=100136 state=3 waitId=0 priority=81 module=CDVDFSV.IRX;1 import=none ra=100276 a0=105328 a1=2147485077 v0=0
IOP_DIAGNOSTIC IOP_THREAD id=4 pc=150724 entry=150684 state=6 waitId=2 priority=16 module=SIO2MAN.IRX;1 import=none ra=150724 a0=2 a1=16725 v0=0
IOP_DIAGNOSTIC IOP_THREAD id=5 pc=184860 entry=184728 state=3 waitId=0 priority=46 module=PADMAN.IRX;1 import=none ra=184860 a0=193588 a1=2147483904 v0=0
IOP_DIAGNOSTIC IOP_THREAD id=6 pc=185056 entry=184924 state=3 waitId=0 priority=46 module=PADMAN.IRX;1 import=none ra=185056 a0=193812 a1=2147483905 v0=0
IOP_DIAGNOSTIC IOP_THREAD id=7 pc=241892 entry=241800 state=3 waitId=0 priority=30 module=STREAM.IRX;1 import=none ra=241892 a0=1257396 a1=74565 v0=0
IOP_DIAGNOSTIC IOP_THREAD id=8 pc=299444 entry=299388 state=4 waitId=0 priority=39 module=CRI_ADXI.IRX;1 import=none ra=299444 a0=1 a1=0 v0=0
IOP_DIAGNOSTIC IOP_THREAD id=9 pc=300760 entry=300628 state=3 waitId=0 priority=49 module=CRI_ADXI.IRX;1 import=none ra=300760 a0=1261656 a1=2097152000 v0=0
IOP_DIAGNOSTIC IOP_THREAD id=10 pc=330072 entry=330032 state=5 waitId=2 priority=39 module=CRI_ADXI.IRX;1 import=none ra=330072 a0=2 a1=1 v0=0
IOP_DIAGNOSTIC IOP_THREAD id=11 pc=228336 entry=228300 state=4 waitId=0 priority=48 module=STREAM.IRX;1 import=none ra=228336 a0=0 a1=0 v0=0
IOP_DIAGNOSTIC IOP_THREAD id=12 pc=571180 entry=571032 state=3 waitId=0 priority=104 module=MCSERV.IRX;1 import=none ra=571180 a0=584448 a1=2147484672 v0=0
IOP_DIAGNOSTIC IOP_TRACE DMA_COMPLETED irq=36 count=156
IOP_DIAGNOSTIC IOP_TRACE DMA_START irq=36 bcr=2097168 chcr=513 admas=1 count=157
IOP_DIAGNOSTIC IOP_TRACE IMPORT cdvdman:37 count=2
IOP_DIAGNOSTIC IOP_TRACE IMPORT cdvdman:47 count=1
IOP_DIAGNOSTIC IOP_TRACE IMPORT cdvdman:50 count=2
IOP_DIAGNOSTIC IOP_TRACE IMPORT cdvdman:84 count=2
IOP_DIAGNOSTIC IOP_TRACE IMPORT dmacman:33 count=2
IOP_DIAGNOSTIC IOP_TRACE IMPORT dmacman:34 count=2
IOP_DIAGNOSTIC IOP_TRACE IMPORT intrman:17 count=2659
IOP_DIAGNOSTIC IOP_TRACE IMPORT intrman:18 count=2659
IOP_DIAGNOSTIC IOP_TRACE IMPORT intrman:4 count=5
IOP_DIAGNOSTIC IOP_TRACE IMPORT intrman:5 count=3
IOP_DIAGNOSTIC IOP_TRACE IMPORT intrman:6 count=5
IOP_DIAGNOSTIC IOP_TRACE IMPORT intrman:7 count=3
IOP_DIAGNOSTIC IOP_TRACE IMPORT intrman:9 count=1
IOP_DIAGNOSTIC IOP_TRACE IMPORT ioman:20 count=1
IOP_DIAGNOSTIC IOP_TRACE IMPORT ioman:21 count=1
IOP_DIAGNOSTIC IOP_TRACE IMPORT libsd:11 count=3
IOP_DIAGNOSTIC IOP_TRACE IMPORT libsd:18 count=1
IOP_DIAGNOSTIC IOP_TRACE IMPORT libsd:19 count=4
IOP_DIAGNOSTIC IOP_TRACE IMPORT libsd:20 count=160
IOP_DIAGNOSTIC IOP_TRACE IMPORT libsd:23 count=2
IOP_DIAGNOSTIC IOP_TRACE IMPORT libsd:25 count=2
IOP_DIAGNOSTIC IOP_TRACE IMPORT libsd:26 count=3
IOP_DIAGNOSTIC IOP_TRACE IMPORT libsd:4 count=1
IOP_DIAGNOSTIC IOP_TRACE IMPORT libsd:5 count=18
IOP_DIAGNOSTIC IOP_TRACE IMPORT libsd:6 count=192
IOP_DIAGNOSTIC IOP_TRACE IMPORT libsd:7 count=12
IOP_DIAGNOSTIC IOP_TRACE IMPORT libsd:8 count=8
IOP_DIAGNOSTIC IOP_TRACE IMPORT libsd:9 count=2
IOP_DIAGNOSTIC IOP_TRACE IMPORT loadcore:12 count=2
IOP_DIAGNOSTIC IOP_TRACE IMPORT loadcore:5 count=8
IOP_DIAGNOSTIC IOP_TRACE IMPORT loadcore:6 count=7
IOP_DIAGNOSTIC IOP_TRACE IMPORT modload:13 count=1
IOP_DIAGNOSTIC IOP_TRACE IMPORT secrman:4 count=1
IOP_DIAGNOSTIC IOP_TRACE IMPORT secrman:5 count=1
IOP_DIAGNOSTIC IOP_TRACE IMPORT sifcmd:14 count=7
IOP_DIAGNOSTIC IOP_TRACE IMPORT sifcmd:17 count=10
IOP_DIAGNOSTIC IOP_TRACE IMPORT sifcmd:19 count=8
IOP_DIAGNOSTIC IOP_TRACE IMPORT sifcmd:22 count=7
IOP_DIAGNOSTIC IOP_TRACE IMPORT sifman:27 count=1
IOP_DIAGNOSTIC IOP_TRACE IMPORT sifman:29 count=7
IOP_DIAGNOSTIC IOP_TRACE IMPORT sifman:5 count=1
IOP_DIAGNOSTIC IOP_TRACE IMPORT sifman:7 count=2
IOP_DIAGNOSTIC IOP_TRACE IMPORT stdio:4 count=6
IOP_DIAGNOSTIC IOP_TRACE IMPORT sysclib:12 count=624
IOP_DIAGNOSTIC IOP_TRACE IMPORT sysclib:14 count=659
IOP_DIAGNOSTIC IOP_TRACE IMPORT sysclib:17 count=1
IOP_DIAGNOSTIC IOP_TRACE IMPORT sysclib:29 count=11
IOP_DIAGNOSTIC IOP_TRACE IMPORT sysmem:4 count=2
IOP_DIAGNOSTIC IOP_TRACE IMPORT thbase:20 count=8
IOP_DIAGNOSTIC IOP_TRACE IMPORT thbase:4 count=12
IOP_DIAGNOSTIC IOP_TRACE IMPORT thbase:41 count=1
IOP_DIAGNOSTIC IOP_TRACE IMPORT thbase:6 count=12
IOP_DIAGNOSTIC IOP_TRACE IMPORT thevent:10 count=2
IOP_DIAGNOSTIC IOP_TRACE IMPORT thevent:4 count=3
IOP_DIAGNOSTIC IOP_TRACE IMPORT thevent:8 count=1
IOP_DIAGNOSTIC IOP_TRACE IMPORT thsemap:4 count=4
IOP_DIAGNOSTIC IOP_TRACE IMPORT thsemap:7 count=156
IOP_DIAGNOSTIC IOP_TRACE IMPORT thsemap:8 count=157
IOP_DIAGNOSTIC IOP_TRACE IMPORT vblank:5 count=198
IOP_DIAGNOSTIC IOP_TRACE SEMA_CREATE current=1 max=64
IOP_DIAGNOSTIC IOP_TRACE SEMA_CREATE current=0 max=1
IOP_DIAGNOSTIC IOP_TRACE SEMA_CREATE current=1 max=1
IOP_DIAGNOSTIC IOP_TRACE SEMA_CREATE current=1 max=1
IOP_DIAGNOSTIC IOP_RPC_SID 74565
IOP_DIAGNOSTIC IOP_RPC_SID 2147485077
IOP_DIAGNOSTIC IOP_RPC_SID 2147485079
IOP_DIAGNOSTIC IOP_RPC_SID 2147484672
IOP_DIAGNOSTIC IOP_RPC_SID 2097152000
IOP_DIAGNOSTIC IOP_RPC_SID 2147483905
IOP_DIAGNOSTIC IOP_RPC_SID 2147485075
IOP_DIAGNOSTIC IOP_RPC_SID 2147485082
IOP_DIAGNOSTIC IOP_RPC_SID 2147483904
IOP_DIAGNOSTIC IOP_RPC_SID 2147485074
IOP_STOP loaded_modules=9 threads=12 rpc_servers=10 instructions=5076884
HEADLESS_STOP ee_cycles=518972963 threads=1
THREAD id=1 pc=0x301fa0 ra=0x301ad4 sp=0x1fffde0 status=0 wait=0
[ps2xIOP] [IOP] loaded IRX id=1 entry=0x100d0 base=0x10000 start=0
BOOT_SIFCMD handled=1 id=1 start=0
[ps2xIOP] [IOP] loaded IRX id=2 entry=0x137d8 base=0x13700 start=2
BOOT_CDVDFSV handled=1 id=2 start=2
[ps2xIOP] [IOP printf] cdvd driver module version 0.1.1 (C)SCEI

VFS_OPEN fd=3 path=cdrom0:\CDROM.TXT;1
VFS_CLOSE fd=3 result=0
[ps2xIOP] [IOP] loaded IRX id=3 entry=0x24f34 base=0x24900 start=0
[ps2xIOP] [IOP] loaded IRX id=4 entry=0x28b24 base=0x25900 start=0
[ps2xIOP] [IOP] loaded IRX id=5 entry=0x2f6b0 base=0x2f600 start=0
[ps2xIOP] [IOP printf]  Exit MultiStream V5 Thread Load 

[ps2xIOP] [IOP] loaded IRX id=6 entry=0x414e8 base=0x35000 start=0
VFS_OPEN fd=3 path=cdrom0:\DATA\IFACE\TEXTDATA.TBN;1
VFS_CLOSE fd=3 result=0
VFS_OPEN fd=3 path=cdrom0:\DATA\IFACE\FONTS\FONTDATA.TXT;1
VFS_CLOSE fd=3 result=0
VFS_OPEN fd=3 path=cdrom0:\DATA\IFACE\FONTS\IMPACT.FBN;1
VFS_CLOSE fd=3 result=0
VFS_OPEN fd=3 path=cdrom0:\DATA\IFACE\FONTS\IMPACT0.R2T;1
VFS_CLOSE fd=3 result=0
VFS_OPEN fd=3 path=cdrom0:\DATA\IFACE\FONTS\ARIAL.FBN;1
VFS_CLOSE fd=3 result=0
VFS_OPEN fd=3 path=cdrom0:\DATA\IFACE\FONTS\ARIAL0.R2T;1
VFS_CLOSE fd=3 result=0
VFS_OPEN fd=3 path=cdrom0:\DATA\IFACE\FONTS\AURABSH.FBN;1
VFS_CLOSE fd=3 result=0
VFS_OPEN fd=3 path=cdrom0:\DATA\IFACE\FONTS\AURABSH0.R2T;1
VFS_CLOSE fd=3 result=0
VFS_OPEN fd=3 path=cdrom0:\DATA\IFACE\FONTS\COURIER.FBN;1
VFS_CLOSE fd=3 result=0
VFS_OPEN fd=3 path=cdrom0:\DATA\IFACE\FONTS\COURIER0.R2T;1
VFS_CLOSE fd=3 result=0
VFS_OPEN fd=3 path=cdrom0:\DATA\IFACE\TEXTDATA.TBN;1
VFS_CLOSE fd=3 result=0
[ps2xIOP] [IOP printf] CRI ADX Driver Ver.8.01(%s %s)

[ps2xIOP] [IOP printf] CRI ADX Driver : Thread Priority=%d

[ps2xIOP] [IOP printf] CRI ADX Driver : SPU CORE Number=%d

[ps2xIOP] [IOP] loaded IRX id=7 entry=0x491bc base=0x49100 start=0
[ps2xIOP] [IOP printf] CRI ADX Driver : sceSdInit(SD_INIT_COLD) call.

EE_CREATE_THREAD entry=2404240 stack=3565952 size=4096 priority=0 result=2
EE_CREATE_THREAD entry=2404408 stack=3574144 size=4096 priority=0 result=3
EE_CREATE_THREAD entry=2404552 stack=3578240 size=8192 priority=0 result=4
[ps2xIOP] [IOP CDVD search] path=\DATA\VIDEO\01TRAILR.SFD;1 found=0
[ps2xIOP] [IOP CDVD search] path=\DATA\VIDEO\01TRAILR.SFD;1 found=0
EE_THREAD_EXIT id=4 pc=1635752 ra=0 a0=3676100
EE_THREAD_EXIT id=3 pc=1635752 ra=0 a0=3676088
EE_THREAD_EXIT id=2 pc=1635752 ra=0 a0=0
VFS_OPEN fd=3 path=cdrom0:\DATA\IFACE\TEXTDATA.TBN;1
VFS_CLOSE fd=3 result=0
VFS_OPEN fd=3 path=cdrom0:\DATA\BUNDLES\FRONTEND\FECOMMON.ZAP;1
VFS_CLOSE fd=3 result=0
VFS_OPEN fd=3 path=cdrom0:\DATA\BUNDLES\FRONTEND\FESTART.ZAP;1
VFS_CLOSE fd=3 result=0
VFS_OPEN fd=3 path=cdrom0:\DATA\IFACE\FRONTEND\STARTUP.BIN;1
VFS_CLOSE fd=3 result=0
VFS_OPEN fd=3 path=cdrom0:\DATA\IFACE\FRONTEND\MAINMENU\MM_ANI_2.VFX;1
VFS_CLOSE fd=3 result=0
VFS_OPEN fd=3 path=cdrom0:\DATA\IFACE\FRONTEND\MAINMENU\MM_ANI_4.VFX;1
VFS_CLOSE fd=3 result=0
[ps2xIOP] [IOP] loaded IRX id=8 entry=0x64378 base=0x64200 start=2
[ps2xIOP] [IOP] loaded IRX id=9 entry=0x8b458 base=0x8b400 start=2
[guest-branch:missing-target] kind=IndirectCall op=JALR source=0x301acc target=0x301fa0 pc=0x301fa0 ra=0x301ad4 sp=0x1fffde0 gp=0x3c79f0 a0=0x7735e0 a1=0x773724 a2=0x0 a3=0x1 s0=0x0 s1=0x773724 v0=0x3cf324 v1=0x12 a0Readable=yes a0[0]=0x3be7e0 a0[4]=0xffffffff a0[8]=0x43a08000 a0[c]=0x43a98000 s0Readable=yes s0[0]=0x4 s0[4]=0x0 s0[8]=0x0 s0[c]=0x0 recordReadable=no record[0]=0x0 record[4]=0x0 record[8]=0x0 record[c]=0x0 vtableReadable=yes vtbl[0]=0x0 vtbl[4]=0x0 vtbl[8]=0x2f3bb0 vtbl[c]=0x2f2f20 codeRegion=yes policy=0 trace=0x323dc0 -> 0x34f410 -> 0x1b9780 -> 0x33e2f0 -> 0x342370 -> 0x33d4b0 -> 0x339c00 -> 0x3361b0 -> 0x331f90 -> 0x3423c0 -> 0x3361b0 -> 0x33f140 -> 0x208f70 -> 0x2091e0 -> 0x209150 -> 0x209de8 -> 0x2092a0 -> 0x209c40 -> 0x209378 -> 0x209378 -> 0x209b20 -> 0x209758 -> 0x209378 -> 0x209378 -> 0x2092a0 -> 0x209e70 -> 0x209378 -> 0x208c50 -> 0x209c90 -> 0x2092a0 -> 0x209758 -> 0x209378 -> 0x209378 -> 0x2092a0 -> 0x209758 -> 0x209378 -> 0x209378 -> 0x2092a0 -> 0x209c90 -> 0x2092a0 -> 0x209698 -> 0x209378 -> 0x209378 -> 0x209438 -> 0x2092a0 -> 0x2096f0 -> 0x209378 -> 0x209378 -> 0x209438 -> 0x2092a0 -> 0x209c40 -> 0x209378 -> 0x209378 -> 0x209b20 -> 0x209e70 -> 0x209378 -> 0x33ebb0 -> 0x33ebb0 -> 0x33ebb0 -> 0x33e5d0 -> 0x323840 -> 0x1d89a0 -> 0x1d93a0 -> 0x2f2f20
