{
  "archive_sha256": "e557e9fa50cbf343be83011945550d29fc00f381c1b75bdfb9e045e258ac302a",
  "archive_bytes": 10736324,
  "crc_validated": true,
  "files": 573,
  "uncompressed_bytes": 29647842,
  "folders": {
    "ALLOCS": {
      "files": 21,
      "bytes": 6966
    },
    "ICONS": {
      "files": 1,
      "bytes": 3310
    },
    "IFACE": {
      "files": 551,
      "bytes": 29637566
    }
  },
  "missing_top_level_folders": [
    "CHEWIE",
    "SOUND",
    "VIDEO"
  ],
  "complete_disc_assets": false
}
{
  "archive_sha256": "f0f7e049107e1b628789f052a8064f72e812088e5acb4ff1f3d8e74cb4e27c94",
  "archive_bytes": 176625091,
  "crc_validated": true,
  "files": 84,
  "uncompressed_bytes": 218929584,
  "folders": {
    "BUNDLES": {
      "files": 84,
      "bytes": 218929584
    }
  },
  "missing_top_level_folders": [
    "CHEWIE",
    "SOUND",
    "VIDEO"
  ],
  "complete_disc_assets": false
}
{
  "archive_sha256": "86ae27d5faf16e1a6360b5aaaf5a25724a5f116d5a46815d1c3353ccae8d6224",
  "archive_bytes": 148495,
  "crc_validated": true,
  "files": 4,
  "uncompressed_bytes": 543943,
  "folders": {
    "CHEWIE": {
      "files": 4,
      "bytes": 543943
    }
  },
  "missing_top_level_folders": [
    "SOUND",
    "VIDEO"
  ],
  "complete_disc_assets": false
}
{
  "files": 661,
  "bytes": 249121369,
  "missing_known_folders": [
    "SOUND",
    "VIDEO"
  ],
  "full_disc_completeness_verified": false
}
