Rebuilding 62 changed sources, 165 new sources in 45 compile units
Compiled cached unity_235_cxx.cxx
Compiled cached unity_233_cxx.cxx
Compiled cached unity_228_cxx.cxx
Compiled cached unity_218_cxx.cxx
Compiled cached unity_212_cxx.cxx
Compiled cached unity_209_cxx.cxx
Compiled cached unity_206_cxx.cxx
Compiled cached unity_205_cxx.cxx
Compiled cached unity_195_cxx.cxx
Compiled cached unity_192_cxx.cxx
Compiled cached unity_189_cxx.cxx
Compiled cached unity_186_cxx.cxx
Compiled cached unity_185_cxx.cxx
Compiled cached unity_183_cxx.cxx
Compiled cached unity_176_cxx.cxx
Compiled cached unity_174_cxx.cxx
Compiled cached unity_173_cxx.cxx
Compiled cached unity_172_cxx.cxx
Compiled unity_124_cxx.cxx
Compiled unity_102_cxx.cxx
Compiled cached unity_95_cxx.cxx
Compiled cached unity_92_cxx.cxx
Compiled cached unity_77_cxx.cxx
Compiled cached unity_74_cxx.cxx
Compiled cached unity_66_cxx.cxx
Compiled cached unity_63_cxx.cxx
Compiled cached unity_62_cxx.cxx
Compiled cached unity_61_cxx.cxx
Compiled cached unity_56_cxx.cxx
Compiled cached unity_53_cxx.cxx
Compiled cached unity_52_cxx.cxx
Compiled cached unity_31_cxx.cxx
Compiled cached unity_27_cxx.cxx
Compiled cached unity_26_cxx.cxx
Compiled cached unity_9_cxx.cxx
Compiled cached unity_5_cxx.cxx
Compiled cached unity_4_cxx.cxx
Compiled cached unity_1_cxx.cxx
Compiled unity_0_cxx.cxx
Compiled cached added_0.cpp
Compiled cached added_1.cpp
Compiled cached added_2.cpp
Compiled cached added_3.cpp
Compiled cached added_4.cpp
Compiled cached added_5.cpp
Linked /workspace/scratch/381ff731e209/bounty-hunter-native/headless-startup-corrected
