Loading segment: 0x100000 - 0x47b280 (filesz: 0x2c2500, memsz: 0x37b280)
Registered code region: 100000 - 3c2500Loading segment: 0x70000000 - 0x70000390 (filesz: 0x4, memsz: 0x390)
ELF file loaded successfully. Entry point: 0x100008HEADLESS_START entry=0x100008 deadline_seconds=5 graphics_tested=false audio_tested=false
[SifInitRpc] Initialized[SIF module] load-emulated id=2 ref=1 path="cdrom0:\IRX\SIO2MAN.IRX;1"
[SIF module] load-emulated id=3 ref=1 path="cdrom0:\IRX\PADMAN.IRX;1"
[SIF module] load-emulated id=4 ref=1 path="cdrom0:\IRX\LIBSD.IRX;1"
[SIF module] load-emulated id=5 ref=1 path="cdrom0:\IRX\STREAM.IRX;1"
[SIF module] load-emulated id=6 ref=1 path="cdrom0:\IRX\CRI_ADXI.IRX;1"
[sceDmaSend] ch=0x1000d400 madr=0x4077c0 qwc=0x400 tadr=0x4077c0 chcr=0x181
[sceDmaSend] ch=0x1000d400 madr=0x4037c0 qwc=0x400 tadr=0x4037c0 chcr=0x181
EE_REGISTERS s0=3961536 a0=3961536 gp=3963376
GRAPHICS_ACTIVITY packed_packets=0 image_uploads=0 recent_draws=0 presentation_frame=0 width=0 height=0
IOP_DIAGNOSTIC IOP_SIF_INITIALIZED 1
IOP_DIAGNOSTIC IOP_MODULE id=1 name=SIFCMD.IRX;1 base=65536 size=14080
IOP_DIAGNOSTIC IOP_MODULE id=2 name=SIO2MAN.IRX;1 base=79616 size=4096
IOP_DIAGNOSTIC IOP_MODULE id=3 name=PADMAN.IRX;1 base=83712 size=40192
IOP_DIAGNOSTIC IOP_MODULE id=4 name=LIBSD.IRX;1 base=123904 size=23040
IOP_DIAGNOSTIC IOP_MODULE id=5 name=STREAM.IRX;1 base=146944 size=82176
IOP_DIAGNOSTIC IOP_MODULE id=6 name=CRI_ADXI.IRX;1 base=229120 size=110848
IOP_DIAGNOSTIC IOP_THREAD id=1 pc=80580 entry=80540 state=6 waitId=1 priority=16 module=SIO2MAN.IRX;1 import=none ra=80580 a0=1 a1=16725 v0=0
IOP_DIAGNOSTIC IOP_THREAD id=2 pc=114716 entry=114584 state=3 waitId=0 priority=46 module=PADMAN.IRX;1 import=none ra=114716 a0=123444 a1=2147483904 v0=0
IOP_DIAGNOSTIC IOP_THREAD id=3 pc=114912 entry=114780 state=3 waitId=0 priority=46 module=PADMAN.IRX;1 import=none ra=114912 a0=123668 a1=2147483905 v0=0
IOP_DIAGNOSTIC IOP_THREAD id=4 pc=171748 entry=171656 state=3 waitId=0 priority=30 module=STREAM.IRX;1 import=none ra=171748 a0=1200228 a1=74565 v0=0
IOP_DIAGNOSTIC IOP_THREAD id=5 pc=229300 entry=229244 state=4 waitId=0 priority=39 module=CRI_ADXI.IRX;1 import=none ra=229300 a0=1 a1=0 v0=0
IOP_DIAGNOSTIC IOP_THREAD id=6 pc=230616 entry=230484 state=3 waitId=0 priority=49 module=CRI_ADXI.IRX;1 import=none ra=230616 a0=1204488 a1=2097152000 v0=0
IOP_DIAGNOSTIC IOP_THREAD id=7 pc=259928 entry=259888 state=5 waitId=2 priority=39 module=CRI_ADXI.IRX;1 import=none ra=259928 a0=2 a1=1 v0=0
IOP_DIAGNOSTIC IOP_TRACE DMA_COMPLETED irq=36 count=34
IOP_DIAGNOSTIC IOP_TRACE DMA_START irq=36 bcr=2097168 chcr=513 admas=1 count=35
IOP_DIAGNOSTIC IOP_TRACE IMPORT dmacman:33 count=2
IOP_DIAGNOSTIC IOP_TRACE IMPORT dmacman:34 count=2
IOP_DIAGNOSTIC IOP_TRACE IMPORT intrman:17 count=737
IOP_DIAGNOSTIC IOP_TRACE IMPORT intrman:18 count=737
IOP_DIAGNOSTIC IOP_TRACE IMPORT intrman:4 count=5
IOP_DIAGNOSTIC IOP_TRACE IMPORT intrman:5 count=3
IOP_DIAGNOSTIC IOP_TRACE IMPORT intrman:6 count=5
IOP_DIAGNOSTIC IOP_TRACE IMPORT intrman:7 count=3
IOP_DIAGNOSTIC IOP_TRACE IMPORT libsd:18 count=1
IOP_DIAGNOSTIC IOP_TRACE IMPORT libsd:20 count=34
IOP_DIAGNOSTIC IOP_TRACE IMPORT libsd:26 count=1
IOP_DIAGNOSTIC IOP_TRACE IMPORT libsd:4 count=1
IOP_DIAGNOSTIC IOP_TRACE IMPORT libsd:5 count=6
IOP_DIAGNOSTIC IOP_TRACE IMPORT loadcore:12 count=1
IOP_DIAGNOSTIC IOP_TRACE IMPORT loadcore:5 count=45
IOP_DIAGNOSTIC IOP_TRACE IMPORT loadcore:6 count=4
IOP_DIAGNOSTIC IOP_TRACE IMPORT sifcmd:14 count=5
IOP_DIAGNOSTIC IOP_TRACE IMPORT sifcmd:17 count=4
IOP_DIAGNOSTIC IOP_TRACE IMPORT sifcmd:19 count=5
IOP_DIAGNOSTIC IOP_TRACE IMPORT sifcmd:22 count=4
IOP_DIAGNOSTIC IOP_TRACE IMPORT sifman:27 count=1
IOP_DIAGNOSTIC IOP_TRACE IMPORT sifman:29 count=5
IOP_DIAGNOSTIC IOP_TRACE IMPORT sifman:5 count=1
IOP_DIAGNOSTIC IOP_TRACE IMPORT stdio:4 count=5
IOP_DIAGNOSTIC IOP_TRACE IMPORT sysclib:12 count=136
IOP_DIAGNOSTIC IOP_TRACE IMPORT sysclib:14 count=157
IOP_DIAGNOSTIC IOP_TRACE IMPORT sysclib:17 count=1
IOP_DIAGNOSTIC IOP_TRACE IMPORT sysclib:29 count=11
IOP_DIAGNOSTIC IOP_TRACE IMPORT thbase:20 count=5
IOP_DIAGNOSTIC IOP_TRACE IMPORT thbase:4 count=7
IOP_DIAGNOSTIC IOP_TRACE IMPORT thbase:41 count=1
IOP_DIAGNOSTIC IOP_TRACE IMPORT thbase:6 count=7
IOP_DIAGNOSTIC IOP_TRACE IMPORT thevent:10 count=1
IOP_DIAGNOSTIC IOP_TRACE IMPORT thevent:4 count=3
IOP_DIAGNOSTIC IOP_TRACE IMPORT thsemap:4 count=2
IOP_DIAGNOSTIC IOP_TRACE IMPORT thsemap:7 count=34
IOP_DIAGNOSTIC IOP_TRACE IMPORT thsemap:8 count=35
IOP_DIAGNOSTIC IOP_TRACE IMPORT vblank:5 count=24
IOP_DIAGNOSTIC IOP_TRACE SEMA_CREATE current=1 max=64
IOP_DIAGNOSTIC IOP_TRACE SEMA_CREATE current=0 max=1
IOP_DIAGNOSTIC IOP_RPC_SID 74565
IOP_DIAGNOSTIC IOP_RPC_SID 2097152000
IOP_DIAGNOSTIC IOP_RPC_SID 2147483905
IOP_DIAGNOSTIC IOP_RPC_SID 2147483904
IOP_STOP loaded_modules=6 threads=7 rpc_servers=4 instructions=1161144
HEADLESS_STOP ee_cycles=137371811 threads=4
THREAD id=1 pc=0x18afe8 ra=0x18b01c sp=0x1fffb50 status=0 wait=0
THREAD id=2 pc=0x24af90 ra=0x0 sp=0x367980 status=4 wait=0
THREAD id=3 pc=0x18f688 ra=0x24b2d0 sp=0x369960 status=1 wait=0
THREAD id=4 pc=0x18f688 ra=0x24b2d0 sp=0x36b950 status=3 wait=1
[ps2xIOP] [IOP] loaded IRX id=1 entry=0x100d0 base=0x10000 start=0
BOOT_SIFCMD handled=1 id=1 start=0
[ps2xIOP] [IOP] loaded IRX id=2 entry=0x13d34 base=0x13700 start=0
[ps2xIOP] [IOP] loaded IRX id=3 entry=0x17924 base=0x14700 start=0
[ps2xIOP] [IOP] loaded IRX id=4 entry=0x1e4b0 base=0x1e400 start=0
[ps2xIOP] [IOP printf]  Exit MultiStream V5 Thread Load 

[ps2xIOP] [IOP] loaded IRX id=5 entry=0x302e8 base=0x23e00 start=0
[ps2xIOP] [IOP printf] CRI ADX Driver Ver.8.01(%s %s)

[ps2xIOP] [IOP printf] CRI ADX Driver : Thread Priority=%d

[ps2xIOP] [IOP printf] CRI ADX Driver : SPU CORE Number=%d

[ps2xIOP] [IOP] loaded IRX id=6 entry=0x37fbc base=0x37f00 start=0
[ps2xIOP] [IOP printf] CRI ADX Driver : sceSdInit(SD_INIT_COLD) call.

EE_CREATE_THREAD entry=2404240 stack=3565952 size=4096 priority=0 result=2
EE_CREATE_THREAD entry=2404408 stack=3574144 size=4096 priority=0 result=3
EE_CREATE_THREAD entry=2404552 stack=3578240 size=8192 priority=0 result=4
BEFORE_DEADLINE id=1 pc=0x18afe8 ra=0x18b01c status=0 wait=0
BEFORE_DEADLINE id=2 pc=0x24af90 ra=0x0 status=4 wait=0
BEFORE_DEADLINE id=3 pc=0x18f688 ra=0x24b2d0 status=1 wait=0
BEFORE_DEADLINE id=4 pc=0x18f688 ra=0x24b2d0 status=3 wait=1
HEADLESS_DEADLINE requesting stop
