[  6%] Building CXX object ps2xIOP/CMakeFiles/ps2_iop.dir/src/ps2_path.cpp.o
[  6%] Built target glfw
[  6%] Building CXX object ps2xIOP/CMakeFiles/ps2_iop.dir/src/iop_module_manager.cpp.o
[  6%] Building CXX object ps2xIOP/CMakeFiles/ps2_iop.dir/src/iop_subsystem.cpp.o
[  7%] Building CXX object ps2xIOP/CMakeFiles/ps2_iop.dir/src/emulator/iop_emulator.cpp.o
[  7%] Building CXX object ps2xIOP/CMakeFiles/ps2_iop.dir/src/emulator/core/iop_cpu.cpp.o
[  7%] Building CXX object ps2xIOP/CMakeFiles/ps2_iop.dir/src/emulator/core/iop_kernel.cpp.o
[  8%] Building CXX object ps2xIOP/CMakeFiles/ps2_iop.dir/src/emulator/core/iop_memory.cpp.o
[  8%] Building CXX object ps2xIOP/CMakeFiles/ps2_iop.dir/src/emulator/services/iop_module_loader.cpp.o
[ 11%] Built target raylib
[ 11%] Building CXX object ps2xIOP/CMakeFiles/ps2_iop.dir/src/emulator/services/iop_rpc.cpp.o
[ 30%] Building CXX object ps2xIOP/CMakeFiles/ps2_iop.dir/src/emulator/imports/iop_cdvd.cpp.o
[ 30%] Building CXX object ps2xIOP/CMakeFiles/ps2_iop.dir/src/emulator/imports/iop_heaplib.cpp.o
[ 30%] Building CXX object ps2xIOP/CMakeFiles/ps2_iop.dir/src/emulator/imports/iop_imports.cpp.o
[ 30%] Building CXX object ps2xIOP/CMakeFiles/ps2_iop.dir/src/emulator/imports/iop_intrman.cpp.o
[ 30%] Building CXX object ps2xIOP/CMakeFiles/ps2_iop.dir/src/emulator/imports/iop_ioman.cpp.o
[ 30%] Building CXX object ps2xIOP/CMakeFiles/ps2_iop.dir/src/emulator/imports/iop_loadcore.cpp.o
[ 30%] Building CXX object ps2xIOP/CMakeFiles/ps2_iop.dir/src/emulator/imports/iop_stdio.cpp.o
[ 30%] Building CXX object ps2xIOP/CMakeFiles/ps2_iop.dir/src/emulator/imports/iop_sysclib.cpp.o
[ 30%] Building CXX object ps2xIOP/CMakeFiles/ps2_iop.dir/src/emulator/imports/iop_sysmem.cpp.o
[ 30%] Building CXX object ps2xIOP/CMakeFiles/ps2_iop.dir/src/emulator/imports/iop_timrman.cpp.o
[ 30%] Building CXX object ps2xIOP/CMakeFiles/ps2_iop.dir/src/emulator/imports/iop_vblank.cpp.o
[ 30%] Building CXX object ps2xIOP/CMakeFiles/ps2_iop.dir/src/modules/dbcman.cpp.o
[ 30%] Building CXX object ps2xIOP/CMakeFiles/ps2_iop.dir/src/modules/libsd.cpp.o
[ 30%] Building CXX object ps2xIOP/CMakeFiles/ps2_iop.dir/src/modules/mcserv.cpp.o
[ 30%] Linking CXX static library libps2_iop.a
[ 30%] Built target ps2_iop
[ 30%] Building CXX object ps2xRuntime/CMakeFiles/ps2_runtime.dir/src/lib/game_overrides.cpp.o
[ 30%] Building CXX object ps2xRuntime/CMakeFiles/ps2_runtime.dir/src/lib/ps2_audio.cpp.o
[ 30%] Building CXX object ps2xRuntime/CMakeFiles/ps2_runtime.dir/src/lib/gs/ps2_gif_arbiter.cpp.o
[ 30%] Building CXX object ps2xRuntime/CMakeFiles/ps2_runtime.dir/src/lib/ps2_audio_vag.cpp.o
[ 30%] Building CXX object ps2xRuntime/CMakeFiles/ps2_runtime.dir/src/lib/gs/ps2_gs_memory.cpp.o
[ 30%] Building CXX object ps2xRuntime/CMakeFiles/ps2_runtime.dir/src/lib/gs/gs_frontend.cpp.o
[ 30%] Building CXX object ps2xRuntime/CMakeFiles/ps2_runtime.dir/src/lib/gs/gs_cpu_backend.cpp.o
[ 30%] Building CXX object ps2xRuntime/CMakeFiles/ps2_runtime.dir/src/lib/ps2_iop_host.cpp.o
[ 30%] Building CXX object ps2xRuntime/CMakeFiles/ps2_runtime.dir/src/lib/ps2_memory.cpp.o
[ 30%] Building CXX object ps2xRuntime/CMakeFiles/ps2_runtime.dir/src/lib/ps2_pad.cpp.o
[ 30%] Building CXX object ps2xRuntime/CMakeFiles/ps2_runtime.dir/src/lib/ps2_rom_device.cpp.o
[ 30%] Building CXX object ps2xRuntime/CMakeFiles/ps2_runtime.dir/src/lib/ps2_vfs.cpp.o
[ 30%] Building CXX object ps2xRuntime/CMakeFiles/ps2_runtime.dir/src/lib/ps2_runtime.cpp.o
[ 30%] Building CXX object ps2xRuntime/CMakeFiles/ps2_runtime.dir/src/lib/ps2_vif1_interpreter.cpp.o
[ 30%] Building CXX object ps2xRuntime/CMakeFiles/ps2_runtime.dir/src/lib/vu/ps2_vu1_core.cpp.o
[ 30%] Building CXX object ps2xRuntime/CMakeFiles/ps2_runtime.dir/src/lib/vu/ps2_vu1_upper.cpp.o
[ 30%] Building CXX object ps2xRuntime/CMakeFiles/ps2_runtime.dir/src/lib/vu/ps2_vu1_lower.cpp.o
[ 30%] Building CXX object ps2xRuntime/CMakeFiles/ps2_runtime.dir/src/lib/games_database.cpp.o
[ 30%] Building CXX object ps2xRuntime/CMakeFiles/ps2_runtime.dir/src/lib/Kernel/EeScheduler.cpp.o
[ 30%] Building CXX object ps2xRuntime/CMakeFiles/ps2_runtime.dir/src/lib/Kernel/Stubs/Audio.cpp.o
[ 30%] Building CXX object ps2xRuntime/CMakeFiles/ps2_runtime.dir/src/lib/Kernel/Stubs/CD.cpp.o
[ 30%] Building CXX object ps2xRuntime/CMakeFiles/ps2_runtime.dir/src/lib/Kernel/Stubs/Compatibility.cpp.o
[ 30%] Building CXX object ps2xRuntime/CMakeFiles/ps2_runtime.dir/src/lib/Kernel/Stubs/DMA.cpp.o
[ 30%] Building CXX object ps2xRuntime/CMakeFiles/ps2_runtime.dir/src/lib/Kernel/Stubs/Deci2.cpp.o
[ 30%] Building CXX object ps2xRuntime/CMakeFiles/ps2_runtime.dir/src/lib/Kernel/Stubs/FileIO.cpp.o
[ 30%] Building CXX object ps2xRuntime/CMakeFiles/ps2_runtime.dir/src/lib/Kernel/Stubs/Font.cpp.o
[ 30%] Building CXX object ps2xRuntime/CMakeFiles/ps2_runtime.dir/src/lib/Kernel/Stubs/GS.cpp.o
[ 30%] Building CXX object ps2xRuntime/CMakeFiles/ps2_runtime.dir/src/lib/Kernel/Stubs/IPU.cpp.o
[ 30%] Building CXX object ps2xRuntime/CMakeFiles/ps2_runtime.dir/src/lib/Kernel/Stubs/LibC.cpp.o
[ 30%] Building CXX object ps2xRuntime/CMakeFiles/ps2_runtime.dir/src/lib/Kernel/Stubs/MPEG.cpp.o
[ 30%] Building CXX object ps2xRuntime/CMakeFiles/ps2_runtime.dir/src/lib/Kernel/Stubs/MemoryCard.cpp.o
[ 30%] Building CXX object ps2xRuntime/CMakeFiles/ps2_runtime.dir/src/lib/Kernel/Stubs/Pad.cpp.o
[ 30%] Building CXX object ps2xRuntime/CMakeFiles/ps2_runtime.dir/src/lib/Kernel/Stubs/RPC.cpp.o
[ 30%] Building CXX object ps2xRuntime/CMakeFiles/ps2_runtime.dir/src/lib/Kernel/Stubs/SIF.cpp.o
[ 30%] Building CXX object ps2xRuntime/CMakeFiles/ps2_runtime.dir/src/lib/Kernel/Stubs/System.cpp.o
[ 30%] Building CXX object ps2xRuntime/CMakeFiles/ps2_runtime.dir/src/lib/Kernel/Stubs/TTY.cpp.o
[ 30%] Building CXX object ps2xRuntime/CMakeFiles/ps2_runtime.dir/src/lib/Kernel/Stubs/Unimplemented.cpp.o
[ 30%] Building CXX object ps2xRuntime/CMakeFiles/ps2_runtime.dir/src/lib/Kernel/Stubs/VU.cpp.o
[ 30%] Building CXX object ps2xRuntime/CMakeFiles/ps2_runtime.dir/src/lib/Kernel/Syscalls/Deci2.cpp.o
[ 30%] Building CXX object ps2xRuntime/CMakeFiles/ps2_runtime.dir/src/lib/Kernel/Syscalls/Dispatcher.cpp.o
[ 30%] Building CXX object ps2xRuntime/CMakeFiles/ps2_runtime.dir/src/lib/Kernel/Syscalls/FileIO.cpp.o
[ 30%] Building CXX object ps2xRuntime/CMakeFiles/ps2_runtime.dir/src/lib/Kernel/Syscalls/Interrupt.cpp.o
[ 30%] Building CXX object ps2xRuntime/CMakeFiles/ps2_runtime.dir/src/lib/Kernel/Syscalls/RPC.cpp.o
[ 30%] Building CXX object ps2xRuntime/CMakeFiles/ps2_runtime.dir/src/lib/Kernel/Syscalls/Sync.cpp.o
[ 30%] Building CXX object ps2xRuntime/CMakeFiles/ps2_runtime.dir/src/lib/Kernel/Syscalls/System.cpp.o
[ 30%] Building CXX object ps2xRuntime/CMakeFiles/ps2_runtime.dir/src/lib/Kernel/Syscalls/Thread.cpp.o
[ 30%] Linking CXX static library libps2_runtime.a
[ 30%] Built target ps2_runtime
[ 30%] Building CXX object ps2xRuntime/CMakeFiles/ps2EntryRunner.dir/cmake_pch.hxx.gch
[ 30%] Building CXX object ps2xRuntime/CMakeFiles/ps2EntryRunner.dir/Unity/unity_241_cxx.cxx.o
[ 30%] Building CXX object ps2xRuntime/CMakeFiles/ps2EntryRunner.dir/Unity/unity_242_cxx.cxx.o
[ 30%] Building CXX object ps2xRuntime/CMakeFiles/ps2EntryRunner.dir/Unity/unity_243_cxx.cxx.o
[ 30%] Building CXX object ps2xRuntime/CMakeFiles/ps2EntryRunner.dir/Unity/unity_240_cxx.cxx.o
[ 30%] Building CXX object ps2xRuntime/CMakeFiles/ps2EntryRunner.dir/Unity/unity_239_cxx.cxx.o
[ 30%] Building CXX object ps2xRuntime/CMakeFiles/ps2EntryRunner.dir/Unity/unity_238_cxx.cxx.o
[ 30%] Building CXX object ps2xRuntime/CMakeFiles/ps2EntryRunner.dir/Unity/unity_237_cxx.cxx.o
[ 31%] Building CXX object ps2xRuntime/CMakeFiles/ps2EntryRunner.dir/Unity/unity_236_cxx.cxx.o
[ 31%] Building CXX object ps2xRuntime/CMakeFiles/ps2EntryRunner.dir/Unity/unity_235_cxx.cxx.o
[ 31%] Building CXX object ps2xRuntime/CMakeFiles/ps2EntryRunner.dir/Unity/unity_234_cxx.cxx.o
[ 32%] Building CXX object ps2xRuntime/CMakeFiles/ps2EntryRunner.dir/Unity/unity_233_cxx.cxx.o
[ 32%] Building CXX object ps2xRuntime/CMakeFiles/ps2EntryRunner.dir/Unity/unity_232_cxx.cxx.o
[ 32%] Building CXX object ps2xRuntime/CMakeFiles/ps2EntryRunner.dir/Unity/unity_231_cxx.cxx.o
[ 32%] Building CXX object ps2xRuntime/CMakeFiles/ps2EntryRunner.dir/Unity/unity_230_cxx.cxx.o
[ 33%] Building CXX object ps2xRuntime/CMakeFiles/ps2EntryRunner.dir/Unity/unity_229_cxx.cxx.o
[ 33%] Building CXX object ps2xRuntime/CMakeFiles/ps2EntryRunner.dir/Unity/unity_228_cxx.cxx.o
[ 33%] Building CXX object ps2xRuntime/CMakeFiles/ps2EntryRunner.dir/Unity/unity_227_cxx.cxx.o
[ 34%] Building CXX object ps2xRuntime/CMakeFiles/ps2EntryRunner.dir/Unity/unity_226_cxx.cxx.o
[ 34%] Building CXX object ps2xRuntime/CMakeFiles/ps2EntryRunner.dir/Unity/unity_225_cxx.cxx.o
[ 34%] Building CXX object ps2xRuntime/CMakeFiles/ps2EntryRunner.dir/Unity/unity_224_cxx.cxx.o
[ 34%] Building CXX object ps2xRuntime/CMakeFiles/ps2EntryRunner.dir/Unity/unity_223_cxx.cxx.o
[ 35%] Building CXX object ps2xRuntime/CMakeFiles/ps2EntryRunner.dir/Unity/unity_222_cxx.cxx.o
[ 35%] Building CXX object ps2xRuntime/CMakeFiles/ps2EntryRunner.dir/Unity/unity_221_cxx.cxx.o
[ 35%] Building CXX object ps2xRuntime/CMakeFiles/ps2EntryRunner.dir/Unity/unity_220_cxx.cxx.o
[ 36%] Building CXX object ps2xRuntime/CMakeFiles/ps2EntryRunner.dir/Unity/unity_219_cxx.cxx.o
[ 36%] Building CXX object ps2xRuntime/CMakeFiles/ps2EntryRunner.dir/Unity/unity_218_cxx.cxx.o
[ 36%] Building CXX object ps2xRuntime/CMakeFiles/ps2EntryRunner.dir/Unity/unity_217_cxx.cxx.o
[ 36%] Building CXX object ps2xRuntime/CMakeFiles/ps2EntryRunner.dir/Unity/unity_216_cxx.cxx.o
[ 37%] Building CXX object ps2xRuntime/CMakeFiles/ps2EntryRunner.dir/Unity/unity_215_cxx.cxx.o
[ 37%] Building CXX object ps2xRuntime/CMakeFiles/ps2EntryRunner.dir/Unity/unity_214_cxx.cxx.o
[ 37%] Building CXX object ps2xRuntime/CMakeFiles/ps2EntryRunner.dir/Unity/unity_213_cxx.cxx.o
[ 38%] Building CXX object ps2xRuntime/CMakeFiles/ps2EntryRunner.dir/Unity/unity_212_cxx.cxx.o
[ 38%] Building CXX object ps2xRuntime/CMakeFiles/ps2EntryRunner.dir/Unity/unity_211_cxx.cxx.o
[ 38%] Building CXX object ps2xRuntime/CMakeFiles/ps2EntryRunner.dir/Unity/unity_210_cxx.cxx.o
[ 38%] Building CXX object ps2xRuntime/CMakeFiles/ps2EntryRunner.dir/Unity/unity_209_cxx.cxx.o
[ 39%] Building CXX object ps2xRuntime/CMakeFiles/ps2EntryRunner.dir/Unity/unity_208_cxx.cxx.o
[ 39%] Building CXX object ps2xRuntime/CMakeFiles/ps2EntryRunner.dir/Unity/unity_207_cxx.cxx.o
[ 39%] Building CXX object ps2xRuntime/CMakeFiles/ps2EntryRunner.dir/Unity/unity_206_cxx.cxx.o
[ 40%] Building CXX object ps2xRuntime/CMakeFiles/ps2EntryRunner.dir/Unity/unity_205_cxx.cxx.o
[ 40%] Building CXX object ps2xRuntime/CMakeFiles/ps2EntryRunner.dir/Unity/unity_204_cxx.cxx.o
[ 40%] Building CXX object ps2xRuntime/CMakeFiles/ps2EntryRunner.dir/Unity/unity_203_cxx.cxx.o
[ 40%] Building CXX object ps2xRuntime/CMakeFiles/ps2EntryRunner.dir/Unity/unity_202_cxx.cxx.o
[ 41%] Building CXX object ps2xRuntime/CMakeFiles/ps2EntryRunner.dir/Unity/unity_201_cxx.cxx.o
[ 41%] Building CXX object ps2xRuntime/CMakeFiles/ps2EntryRunner.dir/Unity/unity_200_cxx.cxx.o
[ 41%] Building CXX object ps2xRuntime/CMakeFiles/ps2EntryRunner.dir/Unity/unity_199_cxx.cxx.o
[ 42%] Building CXX object ps2xRuntime/CMakeFiles/ps2EntryRunner.dir/Unity/unity_198_cxx.cxx.o
[ 42%] Building CXX object ps2xRuntime/CMakeFiles/ps2EntryRunner.dir/Unity/unity_197_cxx.cxx.o
[ 42%] Building CXX object ps2xRuntime/CMakeFiles/ps2EntryRunner.dir/Unity/unity_196_cxx.cxx.o
[ 42%] Building CXX object ps2xRuntime/CMakeFiles/ps2EntryRunner.dir/Unity/unity_195_cxx.cxx.o
[ 43%] Building CXX object ps2xRuntime/CMakeFiles/ps2EntryRunner.dir/Unity/unity_194_cxx.cxx.o
[ 43%] Building CXX object ps2xRuntime/CMakeFiles/ps2EntryRunner.dir/Unity/unity_193_cxx.cxx.o
[ 43%] Building CXX object ps2xRuntime/CMakeFiles/ps2EntryRunner.dir/Unity/unity_192_cxx.cxx.o
[ 44%] Building CXX object ps2xRuntime/CMakeFiles/ps2EntryRunner.dir/Unity/unity_191_cxx.cxx.o
[ 44%] Building CXX object ps2xRuntime/CMakeFiles/ps2EntryRunner.dir/Unity/unity_190_cxx.cxx.o
[ 44%] Building CXX object ps2xRuntime/CMakeFiles/ps2EntryRunner.dir/Unity/unity_189_cxx.cxx.o
[ 44%] Building CXX object ps2xRuntime/CMakeFiles/ps2EntryRunner.dir/Unity/unity_188_cxx.cxx.o
[ 45%] Building CXX object ps2xRuntime/CMakeFiles/ps2EntryRunner.dir/Unity/unity_187_cxx.cxx.o
[ 45%] Building CXX object ps2xRuntime/CMakeFiles/ps2EntryRunner.dir/Unity/unity_186_cxx.cxx.o
[ 45%] Building CXX object ps2xRuntime/CMakeFiles/ps2EntryRunner.dir/Unity/unity_185_cxx.cxx.o
[ 46%] Building CXX object ps2xRuntime/CMakeFiles/ps2EntryRunner.dir/Unity/unity_184_cxx.cxx.o
[ 46%] Building CXX object ps2xRuntime/CMakeFiles/ps2EntryRunner.dir/Unity/unity_183_cxx.cxx.o
[ 46%] Building CXX object ps2xRuntime/CMakeFiles/ps2EntryRunner.dir/Unity/unity_182_cxx.cxx.o
[ 46%] Building CXX object ps2xRuntime/CMakeFiles/ps2EntryRunner.dir/Unity/unity_181_cxx.cxx.o
[ 47%] Building CXX object ps2xRuntime/CMakeFiles/ps2EntryRunner.dir/Unity/unity_180_cxx.cxx.o
[ 47%] Building CXX object ps2xRuntime/CMakeFiles/ps2EntryRunner.dir/Unity/unity_179_cxx.cxx.o
[ 47%] Building CXX object ps2xRuntime/CMakeFiles/ps2EntryRunner.dir/Unity/unity_178_cxx.cxx.o
[ 48%] Building CXX object ps2xRuntime/CMakeFiles/ps2EntryRunner.dir/Unity/unity_177_cxx.cxx.o
[ 48%] Building CXX object ps2xRuntime/CMakeFiles/ps2EntryRunner.dir/Unity/unity_176_cxx.cxx.o
[ 48%] Building CXX object ps2xRuntime/CMakeFiles/ps2EntryRunner.dir/Unity/unity_175_cxx.cxx.o
[ 48%] Building CXX object ps2xRuntime/CMakeFiles/ps2EntryRunner.dir/Unity/unity_174_cxx.cxx.o
[ 49%] Building CXX object ps2xRuntime/CMakeFiles/ps2EntryRunner.dir/Unity/unity_173_cxx.cxx.o
[ 49%] Building CXX object ps2xRuntime/CMakeFiles/ps2EntryRunner.dir/Unity/unity_172_cxx.cxx.o
[ 49%] Building CXX object ps2xRuntime/CMakeFiles/ps2EntryRunner.dir/Unity/unity_171_cxx.cxx.o
[ 50%] Building CXX object ps2xRuntime/CMakeFiles/ps2EntryRunner.dir/Unity/unity_170_cxx.cxx.o
[ 50%] Building CXX object ps2xRuntime/CMakeFiles/ps2EntryRunner.dir/Unity/unity_169_cxx.cxx.o
[ 50%] Building CXX object ps2xRuntime/CMakeFiles/ps2EntryRunner.dir/Unity/unity_168_cxx.cxx.o
[ 50%] Building CXX object ps2xRuntime/CMakeFiles/ps2EntryRunner.dir/Unity/unity_167_cxx.cxx.o
[ 51%] Building CXX object ps2xRuntime/CMakeFiles/ps2EntryRunner.dir/Unity/unity_166_cxx.cxx.o
[ 51%] Building CXX object ps2xRuntime/CMakeFiles/ps2EntryRunner.dir/Unity/unity_165_cxx.cxx.o
[ 51%] Building CXX object ps2xRuntime/CMakeFiles/ps2EntryRunner.dir/Unity/unity_164_cxx.cxx.o
[ 52%] Building CXX object ps2xRuntime/CMakeFiles/ps2EntryRunner.dir/Unity/unity_163_cxx.cxx.o
[ 52%] Building CXX object ps2xRuntime/CMakeFiles/ps2EntryRunner.dir/Unity/unity_162_cxx.cxx.o
[ 52%] Building CXX object ps2xRuntime/CMakeFiles/ps2EntryRunner.dir/Unity/unity_161_cxx.cxx.o
[ 52%] Building CXX object ps2xRuntime/CMakeFiles/ps2EntryRunner.dir/Unity/unity_160_cxx.cxx.o
[ 53%] Building CXX object ps2xRuntime/CMakeFiles/ps2EntryRunner.dir/Unity/unity_159_cxx.cxx.o
[ 53%] Building CXX object ps2xRuntime/CMakeFiles/ps2EntryRunner.dir/Unity/unity_158_cxx.cxx.o
[ 53%] Building CXX object ps2xRuntime/CMakeFiles/ps2EntryRunner.dir/Unity/unity_157_cxx.cxx.o
[ 54%] Building CXX object ps2xRuntime/CMakeFiles/ps2EntryRunner.dir/Unity/unity_156_cxx.cxx.o
[ 54%] Building CXX object ps2xRuntime/CMakeFiles/ps2EntryRunner.dir/Unity/unity_155_cxx.cxx.o
[ 54%] Building CXX object ps2xRuntime/CMakeFiles/ps2EntryRunner.dir/Unity/unity_154_cxx.cxx.o
[ 54%] Building CXX object ps2xRuntime/CMakeFiles/ps2EntryRunner.dir/Unity/unity_153_cxx.cxx.o
[ 55%] Building CXX object ps2xRuntime/CMakeFiles/ps2EntryRunner.dir/Unity/unity_152_cxx.cxx.o
[ 55%] Building CXX object ps2xRuntime/CMakeFiles/ps2EntryRunner.dir/Unity/unity_151_cxx.cxx.o
[ 55%] Building CXX object ps2xRuntime/CMakeFiles/ps2EntryRunner.dir/Unity/unity_150_cxx.cxx.o
[ 56%] Building CXX object ps2xRuntime/CMakeFiles/ps2EntryRunner.dir/Unity/unity_149_cxx.cxx.o
[ 56%] Building CXX object ps2xRuntime/CMakeFiles/ps2EntryRunner.dir/Unity/unity_148_cxx.cxx.o
[ 56%] Building CXX object ps2xRuntime/CMakeFiles/ps2EntryRunner.dir/Unity/unity_147_cxx.cxx.o
[ 56%] Building CXX object ps2xRuntime/CMakeFiles/ps2EntryRunner.dir/Unity/unity_146_cxx.cxx.o
[ 57%] Building CXX object ps2xRuntime/CMakeFiles/ps2EntryRunner.dir/Unity/unity_145_cxx.cxx.o
[ 57%] Building CXX object ps2xRuntime/CMakeFiles/ps2EntryRunner.dir/Unity/unity_144_cxx.cxx.o
[ 57%] Building CXX object ps2xRuntime/CMakeFiles/ps2EntryRunner.dir/Unity/unity_143_cxx.cxx.o
[ 58%] Building CXX object ps2xRuntime/CMakeFiles/ps2EntryRunner.dir/Unity/unity_142_cxx.cxx.o
[ 58%] Building CXX object ps2xRuntime/CMakeFiles/ps2EntryRunner.dir/Unity/unity_141_cxx.cxx.o
[ 58%] Building CXX object ps2xRuntime/CMakeFiles/ps2EntryRunner.dir/Unity/unity_140_cxx.cxx.o
[ 58%] Building CXX object ps2xRuntime/CMakeFiles/ps2EntryRunner.dir/Unity/unity_139_cxx.cxx.o
[ 59%] Building CXX object ps2xRuntime/CMakeFiles/ps2EntryRunner.dir/Unity/unity_138_cxx.cxx.o
[ 59%] Building CXX object ps2xRuntime/CMakeFiles/ps2EntryRunner.dir/Unity/unity_137_cxx.cxx.o
[ 59%] Building CXX object ps2xRuntime/CMakeFiles/ps2EntryRunner.dir/Unity/unity_136_cxx.cxx.o
[ 60%] Building CXX object ps2xRuntime/CMakeFiles/ps2EntryRunner.dir/Unity/unity_135_cxx.cxx.o
[ 60%] Building CXX object ps2xRuntime/CMakeFiles/ps2EntryRunner.dir/Unity/unity_134_cxx.cxx.o
[ 60%] Building CXX object ps2xRuntime/CMakeFiles/ps2EntryRunner.dir/Unity/unity_133_cxx.cxx.o
[ 60%] Building CXX object ps2xRuntime/CMakeFiles/ps2EntryRunner.dir/Unity/unity_132_cxx.cxx.o
[ 61%] Building CXX object ps2xRuntime/CMakeFiles/ps2EntryRunner.dir/Unity/unity_131_cxx.cxx.o
[ 61%] Building CXX object ps2xRuntime/CMakeFiles/ps2EntryRunner.dir/Unity/unity_130_cxx.cxx.o
[ 61%] Building CXX object ps2xRuntime/CMakeFiles/ps2EntryRunner.dir/Unity/unity_129_cxx.cxx.o
[ 62%] Building CXX object ps2xRuntime/CMakeFiles/ps2EntryRunner.dir/Unity/unity_128_cxx.cxx.o
[ 62%] Building CXX object ps2xRuntime/CMakeFiles/ps2EntryRunner.dir/Unity/unity_127_cxx.cxx.o
[ 62%] Building CXX object ps2xRuntime/CMakeFiles/ps2EntryRunner.dir/Unity/unity_126_cxx.cxx.o
[ 62%] Building CXX object ps2xRuntime/CMakeFiles/ps2EntryRunner.dir/Unity/unity_125_cxx.cxx.o
[ 63%] Building CXX object ps2xRuntime/CMakeFiles/ps2EntryRunner.dir/Unity/unity_124_cxx.cxx.o
[ 63%] Building CXX object ps2xRuntime/CMakeFiles/ps2EntryRunner.dir/Unity/unity_123_cxx.cxx.o
[ 63%] Building CXX object ps2xRuntime/CMakeFiles/ps2EntryRunner.dir/Unity/unity_122_cxx.cxx.o
[ 64%] Building CXX object ps2xRuntime/CMakeFiles/ps2EntryRunner.dir/Unity/unity_121_cxx.cxx.o
[ 64%] Building CXX object ps2xRuntime/CMakeFiles/ps2EntryRunner.dir/Unity/unity_120_cxx.cxx.o
[ 64%] Building CXX object ps2xRuntime/CMakeFiles/ps2EntryRunner.dir/Unity/unity_119_cxx.cxx.o
[ 64%] Building CXX object ps2xRuntime/CMakeFiles/ps2EntryRunner.dir/Unity/unity_118_cxx.cxx.o
[ 65%] Building CXX object ps2xRuntime/CMakeFiles/ps2EntryRunner.dir/Unity/unity_117_cxx.cxx.o
[ 65%] Building CXX object ps2xRuntime/CMakeFiles/ps2EntryRunner.dir/Unity/unity_116_cxx.cxx.o
[ 65%] Building CXX object ps2xRuntime/CMakeFiles/ps2EntryRunner.dir/Unity/unity_115_cxx.cxx.o
[ 66%] Building CXX object ps2xRuntime/CMakeFiles/ps2EntryRunner.dir/Unity/unity_114_cxx.cxx.o
[ 66%] Building CXX object ps2xRuntime/CMakeFiles/ps2EntryRunner.dir/Unity/unity_113_cxx.cxx.o
[ 66%] Building CXX object ps2xRuntime/CMakeFiles/ps2EntryRunner.dir/Unity/unity_112_cxx.cxx.o
[ 66%] Building CXX object ps2xRuntime/CMakeFiles/ps2EntryRunner.dir/Unity/unity_111_cxx.cxx.o
[ 67%] Building CXX object ps2xRuntime/CMakeFiles/ps2EntryRunner.dir/Unity/unity_110_cxx.cxx.o
[ 67%] Building CXX object ps2xRuntime/CMakeFiles/ps2EntryRunner.dir/Unity/unity_109_cxx.cxx.o
[ 67%] Building CXX object ps2xRuntime/CMakeFiles/ps2EntryRunner.dir/Unity/unity_108_cxx.cxx.o
[ 68%] Building CXX object ps2xRuntime/CMakeFiles/ps2EntryRunner.dir/Unity/unity_107_cxx.cxx.o
[ 68%] Building CXX object ps2xRuntime/CMakeFiles/ps2EntryRunner.dir/Unity/unity_106_cxx.cxx.o
[ 68%] Building CXX object ps2xRuntime/CMakeFiles/ps2EntryRunner.dir/Unity/unity_105_cxx.cxx.o
[ 68%] Building CXX object ps2xRuntime/CMakeFiles/ps2EntryRunner.dir/Unity/unity_104_cxx.cxx.o
[ 69%] Building CXX object ps2xRuntime/CMakeFiles/ps2EntryRunner.dir/Unity/unity_103_cxx.cxx.o
[ 69%] Building CXX object ps2xRuntime/CMakeFiles/ps2EntryRunner.dir/Unity/unity_102_cxx.cxx.o
[ 69%] Building CXX object ps2xRuntime/CMakeFiles/ps2EntryRunner.dir/Unity/unity_101_cxx.cxx.o
[ 70%] Building CXX object ps2xRuntime/CMakeFiles/ps2EntryRunner.dir/Unity/unity_100_cxx.cxx.o
[ 70%] Building CXX object ps2xRuntime/CMakeFiles/ps2EntryRunner.dir/Unity/unity_99_cxx.cxx.o
[ 70%] Building CXX object ps2xRuntime/CMakeFiles/ps2EntryRunner.dir/Unity/unity_98_cxx.cxx.o
[ 70%] Building CXX object ps2xRuntime/CMakeFiles/ps2EntryRunner.dir/Unity/unity_97_cxx.cxx.o
[ 71%] Building CXX object ps2xRuntime/CMakeFiles/ps2EntryRunner.dir/Unity/unity_96_cxx.cxx.o
[ 71%] Building CXX object ps2xRuntime/CMakeFiles/ps2EntryRunner.dir/Unity/unity_95_cxx.cxx.o
[ 71%] Building CXX object ps2xRuntime/CMakeFiles/ps2EntryRunner.dir/Unity/unity_94_cxx.cxx.o
[ 72%] Building CXX object ps2xRuntime/CMakeFiles/ps2EntryRunner.dir/Unity/unity_93_cxx.cxx.o
[ 72%] Building CXX object ps2xRuntime/CMakeFiles/ps2EntryRunner.dir/Unity/unity_92_cxx.cxx.o
[ 72%] Building CXX object ps2xRuntime/CMakeFiles/ps2EntryRunner.dir/Unity/unity_91_cxx.cxx.o
[ 73%] Building CXX object ps2xRuntime/CMakeFiles/ps2EntryRunner.dir/Unity/unity_90_cxx.cxx.o
[ 73%] Building CXX object ps2xRuntime/CMakeFiles/ps2EntryRunner.dir/Unity/unity_89_cxx.cxx.o
[ 73%] Building CXX object ps2xRuntime/CMakeFiles/ps2EntryRunner.dir/Unity/unity_88_cxx.cxx.o
[ 73%] Building CXX object ps2xRuntime/CMakeFiles/ps2EntryRunner.dir/Unity/unity_87_cxx.cxx.o
[ 74%] Building CXX object ps2xRuntime/CMakeFiles/ps2EntryRunner.dir/Unity/unity_86_cxx.cxx.o
[ 74%] Building CXX object ps2xRuntime/CMakeFiles/ps2EntryRunner.dir/Unity/unity_85_cxx.cxx.o
[ 74%] Building CXX object ps2xRuntime/CMakeFiles/ps2EntryRunner.dir/Unity/unity_84_cxx.cxx.o
[ 75%] Building CXX object ps2xRuntime/CMakeFiles/ps2EntryRunner.dir/Unity/unity_83_cxx.cxx.o
[ 75%] Building CXX object ps2xRuntime/CMakeFiles/ps2EntryRunner.dir/Unity/unity_82_cxx.cxx.o
[ 75%] Building CXX object ps2xRuntime/CMakeFiles/ps2EntryRunner.dir/Unity/unity_81_cxx.cxx.o
[ 75%] Building CXX object ps2xRuntime/CMakeFiles/ps2EntryRunner.dir/Unity/unity_80_cxx.cxx.o
[ 76%] Building CXX object ps2xRuntime/CMakeFiles/ps2EntryRunner.dir/Unity/unity_79_cxx.cxx.o
[ 76%] Building CXX object ps2xRuntime/CMakeFiles/ps2EntryRunner.dir/Unity/unity_78_cxx.cxx.o
[ 76%] Building CXX object ps2xRuntime/CMakeFiles/ps2EntryRunner.dir/Unity/unity_77_cxx.cxx.o
[ 77%] Building CXX object ps2xRuntime/CMakeFiles/ps2EntryRunner.dir/Unity/unity_76_cxx.cxx.o
[ 77%] Building CXX object ps2xRuntime/CMakeFiles/ps2EntryRunner.dir/Unity/unity_75_cxx.cxx.o
[ 77%] Building CXX object ps2xRuntime/CMakeFiles/ps2EntryRunner.dir/Unity/unity_74_cxx.cxx.o
[ 77%] Building CXX object ps2xRuntime/CMakeFiles/ps2EntryRunner.dir/Unity/unity_73_cxx.cxx.o
[ 78%] Building CXX object ps2xRuntime/CMakeFiles/ps2EntryRunner.dir/Unity/unity_72_cxx.cxx.o
[ 78%] Building CXX object ps2xRuntime/CMakeFiles/ps2EntryRunner.dir/Unity/unity_71_cxx.cxx.o
[ 78%] Building CXX object ps2xRuntime/CMakeFiles/ps2EntryRunner.dir/Unity/unity_70_cxx.cxx.o
[ 79%] Building CXX object ps2xRuntime/CMakeFiles/ps2EntryRunner.dir/Unity/unity_69_cxx.cxx.o
[ 79%] Building CXX object ps2xRuntime/CMakeFiles/ps2EntryRunner.dir/Unity/unity_68_cxx.cxx.o
[ 79%] Building CXX object ps2xRuntime/CMakeFiles/ps2EntryRunner.dir/Unity/unity_67_cxx.cxx.o
[ 79%] Building CXX object ps2xRuntime/CMakeFiles/ps2EntryRunner.dir/Unity/unity_66_cxx.cxx.o
[ 80%] Building CXX object ps2xRuntime/CMakeFiles/ps2EntryRunner.dir/Unity/unity_65_cxx.cxx.o
[ 80%] Building CXX object ps2xRuntime/CMakeFiles/ps2EntryRunner.dir/Unity/unity_64_cxx.cxx.o
[ 80%] Building CXX object ps2xRuntime/CMakeFiles/ps2EntryRunner.dir/Unity/unity_63_cxx.cxx.o
[ 81%] Building CXX object ps2xRuntime/CMakeFiles/ps2EntryRunner.dir/Unity/unity_62_cxx.cxx.o
[ 81%] Building CXX object ps2xRuntime/CMakeFiles/ps2EntryRunner.dir/Unity/unity_61_cxx.cxx.o
[ 81%] Building CXX object ps2xRuntime/CMakeFiles/ps2EntryRunner.dir/Unity/unity_60_cxx.cxx.o
[ 81%] Building CXX object ps2xRuntime/CMakeFiles/ps2EntryRunner.dir/Unity/unity_59_cxx.cxx.o
[ 82%] Building CXX object ps2xRuntime/CMakeFiles/ps2EntryRunner.dir/Unity/unity_58_cxx.cxx.o
[ 82%] Building CXX object ps2xRuntime/CMakeFiles/ps2EntryRunner.dir/Unity/unity_57_cxx.cxx.o
[ 82%] Building CXX object ps2xRuntime/CMakeFiles/ps2EntryRunner.dir/Unity/unity_56_cxx.cxx.o
[ 83%] Building CXX object ps2xRuntime/CMakeFiles/ps2EntryRunner.dir/Unity/unity_55_cxx.cxx.o
[ 83%] Building CXX object ps2xRuntime/CMakeFiles/ps2EntryRunner.dir/Unity/unity_54_cxx.cxx.o
[ 83%] Building CXX object ps2xRuntime/CMakeFiles/ps2EntryRunner.dir/Unity/unity_53_cxx.cxx.o
[ 83%] Building CXX object ps2xRuntime/CMakeFiles/ps2EntryRunner.dir/Unity/unity_52_cxx.cxx.o
[ 84%] Building CXX object ps2xRuntime/CMakeFiles/ps2EntryRunner.dir/Unity/unity_51_cxx.cxx.o
[ 84%] Building CXX object ps2xRuntime/CMakeFiles/ps2EntryRunner.dir/Unity/unity_50_cxx.cxx.o
[ 84%] Building CXX object ps2xRuntime/CMakeFiles/ps2EntryRunner.dir/Unity/unity_49_cxx.cxx.o
[ 85%] Building CXX object ps2xRuntime/CMakeFiles/ps2EntryRunner.dir/Unity/unity_48_cxx.cxx.o
[ 85%] Building CXX object ps2xRuntime/CMakeFiles/ps2EntryRunner.dir/Unity/unity_47_cxx.cxx.o
[ 85%] Building CXX object ps2xRuntime/CMakeFiles/ps2EntryRunner.dir/Unity/unity_46_cxx.cxx.o
[ 85%] Building CXX object ps2xRuntime/CMakeFiles/ps2EntryRunner.dir/Unity/unity_45_cxx.cxx.o
[ 86%] Building CXX object ps2xRuntime/CMakeFiles/ps2EntryRunner.dir/Unity/unity_44_cxx.cxx.o
[ 86%] Building CXX object ps2xRuntime/CMakeFiles/ps2EntryRunner.dir/Unity/unity_43_cxx.cxx.o
[ 86%] Building CXX object ps2xRuntime/CMakeFiles/ps2EntryRunner.dir/Unity/unity_42_cxx.cxx.o
[ 87%] Building CXX object ps2xRuntime/CMakeFiles/ps2EntryRunner.dir/Unity/unity_41_cxx.cxx.o
[ 87%] Building CXX object ps2xRuntime/CMakeFiles/ps2EntryRunner.dir/Unity/unity_40_cxx.cxx.o
[ 87%] Building CXX object ps2xRuntime/CMakeFiles/ps2EntryRunner.dir/Unity/unity_39_cxx.cxx.o
[ 87%] Building CXX object ps2xRuntime/CMakeFiles/ps2EntryRunner.dir/Unity/unity_38_cxx.cxx.o
[ 88%] Building CXX object ps2xRuntime/CMakeFiles/ps2EntryRunner.dir/Unity/unity_37_cxx.cxx.o
[ 88%] Building CXX object ps2xRuntime/CMakeFiles/ps2EntryRunner.dir/Unity/unity_36_cxx.cxx.o
[ 88%] Building CXX object ps2xRuntime/CMakeFiles/ps2EntryRunner.dir/Unity/unity_35_cxx.cxx.o
[ 89%] Building CXX object ps2xRuntime/CMakeFiles/ps2EntryRunner.dir/Unity/unity_34_cxx.cxx.o
[ 89%] Building CXX object ps2xRuntime/CMakeFiles/ps2EntryRunner.dir/Unity/unity_33_cxx.cxx.o
[ 89%] Building CXX object ps2xRuntime/CMakeFiles/ps2EntryRunner.dir/Unity/unity_32_cxx.cxx.o
[ 89%] Building CXX object ps2xRuntime/CMakeFiles/ps2EntryRunner.dir/Unity/unity_31_cxx.cxx.o
[ 90%] Building CXX object ps2xRuntime/CMakeFiles/ps2EntryRunner.dir/Unity/unity_30_cxx.cxx.o
[ 90%] Building CXX object ps2xRuntime/CMakeFiles/ps2EntryRunner.dir/Unity/unity_29_cxx.cxx.o
[ 90%] Building CXX object ps2xRuntime/CMakeFiles/ps2EntryRunner.dir/Unity/unity_28_cxx.cxx.o
[ 91%] Building CXX object ps2xRuntime/CMakeFiles/ps2EntryRunner.dir/Unity/unity_27_cxx.cxx.o
[ 91%] Building CXX object ps2xRuntime/CMakeFiles/ps2EntryRunner.dir/Unity/unity_26_cxx.cxx.o
[ 91%] Building CXX object ps2xRuntime/CMakeFiles/ps2EntryRunner.dir/Unity/unity_25_cxx.cxx.o
[ 91%] Building CXX object ps2xRuntime/CMakeFiles/ps2EntryRunner.dir/Unity/unity_24_cxx.cxx.o
[ 92%] Building CXX object ps2xRuntime/CMakeFiles/ps2EntryRunner.dir/Unity/unity_23_cxx.cxx.o
[ 92%] Building CXX object ps2xRuntime/CMakeFiles/ps2EntryRunner.dir/Unity/unity_22_cxx.cxx.o
[ 92%] Building CXX object ps2xRuntime/CMakeFiles/ps2EntryRunner.dir/Unity/unity_21_cxx.cxx.o
[ 93%] Building CXX object ps2xRuntime/CMakeFiles/ps2EntryRunner.dir/Unity/unity_20_cxx.cxx.o
[ 93%] Building CXX object ps2xRuntime/CMakeFiles/ps2EntryRunner.dir/Unity/unity_19_cxx.cxx.o
[ 93%] Building CXX object ps2xRuntime/CMakeFiles/ps2EntryRunner.dir/Unity/unity_18_cxx.cxx.o
[ 93%] Building CXX object ps2xRuntime/CMakeFiles/ps2EntryRunner.dir/Unity/unity_17_cxx.cxx.o
[ 94%] Building CXX object ps2xRuntime/CMakeFiles/ps2EntryRunner.dir/Unity/unity_16_cxx.cxx.o
[ 94%] Building CXX object ps2xRuntime/CMakeFiles/ps2EntryRunner.dir/Unity/unity_15_cxx.cxx.o
[ 94%] Building CXX object ps2xRuntime/CMakeFiles/ps2EntryRunner.dir/Unity/unity_14_cxx.cxx.o
[ 95%] Building CXX object ps2xRuntime/CMakeFiles/ps2EntryRunner.dir/Unity/unity_13_cxx.cxx.o
[ 95%] Building CXX object ps2xRuntime/CMakeFiles/ps2EntryRunner.dir/Unity/unity_12_cxx.cxx.o
[ 95%] Building CXX object ps2xRuntime/CMakeFiles/ps2EntryRunner.dir/Unity/unity_11_cxx.cxx.o
[ 95%] Building CXX object ps2xRuntime/CMakeFiles/ps2EntryRunner.dir/Unity/unity_10_cxx.cxx.o
[ 96%] Building CXX object ps2xRuntime/CMakeFiles/ps2EntryRunner.dir/Unity/unity_9_cxx.cxx.o
[ 96%] Building CXX object ps2xRuntime/CMakeFiles/ps2EntryRunner.dir/Unity/unity_8_cxx.cxx.o
[ 96%] Building CXX object ps2xRuntime/CMakeFiles/ps2EntryRunner.dir/Unity/unity_7_cxx.cxx.o
[ 97%] Building CXX object ps2xRuntime/CMakeFiles/ps2EntryRunner.dir/Unity/unity_6_cxx.cxx.o
[ 97%] Building CXX object ps2xRuntime/CMakeFiles/ps2EntryRunner.dir/Unity/unity_5_cxx.cxx.o
[ 97%] Building CXX object ps2xRuntime/CMakeFiles/ps2EntryRunner.dir/Unity/unity_4_cxx.cxx.o
[ 97%] Building CXX object ps2xRuntime/CMakeFiles/ps2EntryRunner.dir/Unity/unity_3_cxx.cxx.o
[ 98%] Building CXX object ps2xRuntime/CMakeFiles/ps2EntryRunner.dir/Unity/unity_2_cxx.cxx.o
[ 98%] Building CXX object ps2xRuntime/CMakeFiles/ps2EntryRunner.dir/Unity/unity_1_cxx.cxx.o
[ 98%] Building CXX object ps2xRuntime/CMakeFiles/ps2EntryRunner.dir/Unity/unity_0_cxx.cxx.o
[100%] Linking CXX executable ps2EntryRunner
[100%] Built target ps2EntryRunner
