Loading segment: 0x100000 - 0x47b280 (filesz: 0x2c2500, memsz: 0x37b280)
Registered code region: 100000 - 3c2500Loading segment: 0x70000000 - 0x70000390 (filesz: 0x4, memsz: 0x390)
ELF file loaded successfully. Entry point: 0x100008HEADLESS_START entry=0x100008 deadline_seconds=5 graphics_tested=false audio_tested=false
[SifInitRpc] Initialized[SIF module] load-emulated id=1 ref=1 path="cdrom0:\IRX\SIO2MAN.IRX;1"
[SIF module] load-emulated id=2 ref=1 path="cdrom0:\IRX\PADMAN.IRX;1"
[SIF module] load-emulated id=3 ref=1 path="cdrom0:\IRX\LIBSD.IRX;1"
[SIF module] load-emulated id=4 ref=1 path="cdrom0:\IRX\STREAM.IRX;1"
VFS_OPEN fd=3 path=cdrom0:\CDROM.TXT;1
VFS_CLOSE fd=3 result=0
[ps2xIOP] [IOP] loaded IRX id=1 entry=0x10634 base=0x10000 start=0
[ps2xIOP] [IOP] loaded IRX id=2 entry=0x14224 base=0x11000 start=0
[ps2xIOP] [IOP printf] yet sif hasn't been init

[ps2xIOP] [IOP] loaded IRX id=3 entry=0x1adb0 base=0x1ad00 start=0
[ps2xIOP] [IOP printf]  Exit MultiStream V5 Thread Load 

[ps2xIOP] [IOP] loaded IRX id=4 entry=0x2cbe8 base=0x20700 start=0
VFS_OPEN fd=4 path=cdrom0:\DATA\IFACE\TEXTDATA.TBN;1
VFS_CLOSE fd=4 result=0
VFS_OPEN fd=5 path=cdrom0:\DATA\IFACE\FONTS\FONTDATA.TXT;1
VFS_CLOSE fd=5 result=0
VFS_OPEN fd=6 path=cdrom0:\DATA\IFACE\FONTS\IMPACT.FBN;1
VFS_CLOSE fd=6 result=0
VFS_OPEN fd=7 path=cdrom0:\DATA\IFACE\FONTS\IMPACT0.R2T;1
VFS_CLOSE fd=7 result=0
VFS_OPEN fd=8 path=cdrom0:\DATA\IFACE\FONTS\ARIAL.FBN;1
VFS_CLOSE fd=8 result=0
VFS_OPEN fd=9 path=cdrom0:\DATA\IFACE\FONTS\ARIAL0.R2T;1
VFS_CLOSE fd=9 result=0
VFS_OPEN fd=10 path=cdrom0:\DATA\IFACE\FONTS\AURABSH.FBN;1
INVALID_MEMCPY_PRECOPY pc=0x1dea64 ra=0x1dea64 sp=0x1fefa80 dst=0xfbc758 src=0xdd84c010 size=0x8f0e8e40
REG 0=0x0
REG 1=0x0
REG 2=0xdd84c010
REG 3=0x0
REG 4=0xfbc758
REG 5=0xdd84c010
REG 6=0x8f0e8e40
REG 7=0xb
REG 8=0x684cf0
REG 9=0x9
REG 10=0x7
REG 11=0x51c741
REG 12=0x1fff330
REG 13=0x361a80
REG 14=0xcccccccc
REG 15=0x0
REG 16=0x8f0e8e40
REG 17=0x3ef750
REG 18=0xffff347b
REG 19=0xc8
REG 20=0x3ef754
REG 21=0xfbc758
REG 22=0x0
REG 23=0x1
REG 24=0x1fffbf0
REG 25=0x1d8be0
REG 26=0x0
REG 27=0x0
REG 28=0x3c79f0
REG 29=0x1fefa80
REG 30=0x8f0e8e40
REG 31=0x1dea64
HEADLESS_EXCEPTION Invalid memcpy stopped before guest RAM write
