[  0%] Building CXX object ps2xIOP/CMakeFiles/ps2_iop.dir/src/ps2_path.cpp.o
[  0%] Building C object _deps/raylib-build/raylib/external/glfw/src/CMakeFiles/glfw.dir/context.c.o
[  0%] Building C object _deps/raylib-build/raylib/external/glfw/src/CMakeFiles/glfw.dir/init.c.o
[  0%] Building C object _deps/raylib-build/raylib/external/glfw/src/CMakeFiles/glfw.dir/input.c.o
[  3%] Building C object _deps/raylib-build/raylib/external/glfw/src/CMakeFiles/glfw.dir/monitor.c.o
[  3%] Building CXX object ps2xIOP/CMakeFiles/ps2_iop.dir/src/iop_module_manager.cpp.o
[  3%] Building C object _deps/raylib-build/raylib/external/glfw/src/CMakeFiles/glfw.dir/platform.c.o
[  3%] Building C object _deps/raylib-build/raylib/external/glfw/src/CMakeFiles/glfw.dir/vulkan.c.o
[  7%] Building C object _deps/raylib-build/raylib/external/glfw/src/CMakeFiles/glfw.dir/window.c.o
[  7%] Building C object _deps/raylib-build/raylib/external/glfw/src/CMakeFiles/glfw.dir/egl_context.c.o
[  7%] Building C object _deps/raylib-build/raylib/external/glfw/src/CMakeFiles/glfw.dir/osmesa_context.c.o
[  7%] Building C object _deps/raylib-build/raylib/external/glfw/src/CMakeFiles/glfw.dir/null_init.c.o
[ 10%] Building C object _deps/raylib-build/raylib/external/glfw/src/CMakeFiles/glfw.dir/null_monitor.c.o
[ 10%] Building C object _deps/raylib-build/raylib/external/glfw/src/CMakeFiles/glfw.dir/null_window.c.o
[ 10%] Building C object _deps/raylib-build/raylib/external/glfw/src/CMakeFiles/glfw.dir/null_joystick.c.o
[ 14%] Building C object _deps/raylib-build/raylib/external/glfw/src/CMakeFiles/glfw.dir/posix_module.c.o
[ 14%] Building CXX object ps2xIOP/CMakeFiles/ps2_iop.dir/src/iop_subsystem.cpp.o
[ 14%] Building C object _deps/raylib-build/raylib/external/glfw/src/CMakeFiles/glfw.dir/posix_time.c.o
[ 14%] Building C object _deps/raylib-build/raylib/external/glfw/src/CMakeFiles/glfw.dir/posix_thread.c.o
[ 14%] Building C object _deps/raylib-build/raylib/external/glfw/src/CMakeFiles/glfw.dir/x11_init.c.o
[ 17%] Building C object _deps/raylib-build/raylib/external/glfw/src/CMakeFiles/glfw.dir/x11_monitor.c.o
[ 17%] Building C object _deps/raylib-build/raylib/external/glfw/src/CMakeFiles/glfw.dir/x11_window.c.o
[ 17%] Building C object _deps/raylib-build/raylib/external/glfw/src/CMakeFiles/glfw.dir/xkb_unicode.c.o
[ 21%] Building C object _deps/raylib-build/raylib/external/glfw/src/CMakeFiles/glfw.dir/glx_context.c.o
[ 21%] Building C object _deps/raylib-build/raylib/external/glfw/src/CMakeFiles/glfw.dir/linux_joystick.c.o
[ 21%] Building C object _deps/raylib-build/raylib/external/glfw/src/CMakeFiles/glfw.dir/posix_poll.c.o
[ 21%] Built target glfw
[ 21%] Building C object _deps/raylib-build/raylib/CMakeFiles/raylib.dir/raudio.c.o
[ 25%] Building CXX object ps2xIOP/CMakeFiles/ps2_iop.dir/src/emulator/iop_emulator.cpp.o
[ 25%] Building CXX object ps2xIOP/CMakeFiles/ps2_iop.dir/src/emulator/core/iop_cpu.cpp.o
[ 25%] Building CXX object ps2xIOP/CMakeFiles/ps2_iop.dir/src/emulator/core/iop_kernel.cpp.o
[ 28%] Building CXX object ps2xIOP/CMakeFiles/ps2_iop.dir/src/emulator/core/iop_memory.cpp.o
[ 28%] Building C object _deps/raylib-build/raylib/CMakeFiles/raylib.dir/rcore.c.o
[ 28%] Building CXX object ps2xIOP/CMakeFiles/ps2_iop.dir/src/emulator/services/iop_module_loader.cpp.o
[ 32%] Building C object _deps/raylib-build/raylib/CMakeFiles/raylib.dir/rmodels.c.o
[ 32%] Building CXX object ps2xIOP/CMakeFiles/ps2_iop.dir/src/emulator/services/iop_rpc.cpp.o
[ 32%] Building CXX object ps2xIOP/CMakeFiles/ps2_iop.dir/src/emulator/imports/iop_cdvd.cpp.o
[ 32%] Building C object _deps/raylib-build/raylib/CMakeFiles/raylib.dir/rshapes.c.o
[ 32%] Building C object _deps/raylib-build/raylib/CMakeFiles/raylib.dir/rtext.c.o
[ 35%] Building C object _deps/raylib-build/raylib/CMakeFiles/raylib.dir/rtextures.c.o
[ 39%] Building CXX object ps2xIOP/CMakeFiles/ps2_iop.dir/src/emulator/imports/iop_heaplib.cpp.o
[ 39%] Building CXX object ps2xIOP/CMakeFiles/ps2_iop.dir/src/emulator/imports/iop_imports.cpp.o
[ 39%] Building CXX object ps2xIOP/CMakeFiles/ps2_iop.dir/src/emulator/imports/iop_intrman.cpp.o
[ 42%] Building CXX object ps2xIOP/CMakeFiles/ps2_iop.dir/src/emulator/imports/iop_ioman.cpp.o
[ 42%] Building C object _deps/raylib-build/raylib/CMakeFiles/raylib.dir/utils.c.o
[ 42%] Linking C static library libraylib.a
[ 42%] Built target raylib
[ 42%] Building CXX object ps2xIOP/CMakeFiles/ps2_iop.dir/src/emulator/imports/iop_loadcore.cpp.o
[ 42%] Building CXX object ps2xIOP/CMakeFiles/ps2_iop.dir/src/emulator/imports/iop_stdio.cpp.o
[ 42%] Building CXX object ps2xIOP/CMakeFiles/ps2_iop.dir/src/emulator/imports/iop_sysclib.cpp.o
[ 46%] Building CXX object ps2xIOP/CMakeFiles/ps2_iop.dir/src/emulator/imports/iop_sysmem.cpp.o
[ 46%] Building CXX object ps2xIOP/CMakeFiles/ps2_iop.dir/src/emulator/imports/iop_timrman.cpp.o
[ 46%] Building CXX object ps2xIOP/CMakeFiles/ps2_iop.dir/src/emulator/imports/iop_vblank.cpp.o
[ 50%] Building CXX object ps2xIOP/CMakeFiles/ps2_iop.dir/src/modules/dbcman.cpp.o
[ 50%] Building CXX object ps2xIOP/CMakeFiles/ps2_iop.dir/src/modules/libsd.cpp.o
[ 50%] Building CXX object ps2xIOP/CMakeFiles/ps2_iop.dir/src/modules/mcserv.cpp.o
[ 50%] Linking CXX static library libps2_iop.a
[ 50%] Built target ps2_iop
[ 53%] Building CXX object ps2xRuntime/CMakeFiles/ps2_runtime.dir/src/lib/game_overrides.cpp.o
[ 53%] Building CXX object ps2xRuntime/CMakeFiles/ps2_runtime.dir/src/lib/gs/ps2_gif_arbiter.cpp.o
[ 53%] Building CXX object ps2xRuntime/CMakeFiles/ps2_runtime.dir/src/lib/ps2_audio.cpp.o
[ 57%] Building CXX object ps2xRuntime/CMakeFiles/ps2_runtime.dir/src/lib/ps2_audio_vag.cpp.o
[ 57%] Building CXX object ps2xRuntime/CMakeFiles/ps2_runtime.dir/src/lib/gs/ps2_gs_memory.cpp.o
[ 57%] Building CXX object ps2xRuntime/CMakeFiles/ps2_runtime.dir/src/lib/gs/gs_frontend.cpp.o
[ 57%] Building CXX object ps2xRuntime/CMakeFiles/ps2_runtime.dir/src/lib/gs/gs_cpu_backend.cpp.o
[ 60%] Building CXX object ps2xRuntime/CMakeFiles/ps2_runtime.dir/src/lib/ps2_iop_host.cpp.o
[ 60%] Building CXX object ps2xRuntime/CMakeFiles/ps2_runtime.dir/src/lib/ps2_memory.cpp.o
[ 60%] Building CXX object ps2xRuntime/CMakeFiles/ps2_runtime.dir/src/lib/ps2_pad.cpp.o
[ 64%] Building CXX object ps2xRuntime/CMakeFiles/ps2_runtime.dir/src/lib/ps2_rom_device.cpp.o
[ 64%] Building CXX object ps2xRuntime/CMakeFiles/ps2_runtime.dir/src/lib/ps2_vfs.cpp.o
[ 64%] Building CXX object ps2xRuntime/CMakeFiles/ps2_runtime.dir/src/lib/ps2_runtime.cpp.o
[ 64%] Building CXX object ps2xRuntime/CMakeFiles/ps2_runtime.dir/src/lib/ps2_vif1_interpreter.cpp.o
[ 67%] Building CXX object ps2xRuntime/CMakeFiles/ps2_runtime.dir/src/lib/vu/ps2_vu1_core.cpp.o
[ 67%] Building CXX object ps2xRuntime/CMakeFiles/ps2_runtime.dir/src/lib/vu/ps2_vu1_upper.cpp.o
[ 67%] Building CXX object ps2xRuntime/CMakeFiles/ps2_runtime.dir/src/lib/vu/ps2_vu1_lower.cpp.o
[ 71%] Building CXX object ps2xRuntime/CMakeFiles/ps2_runtime.dir/src/lib/games_database.cpp.o
[ 71%] Building CXX object ps2xRuntime/CMakeFiles/ps2_runtime.dir/src/lib/Kernel/EeScheduler.cpp.o
[ 71%] Building CXX object ps2xRuntime/CMakeFiles/ps2_runtime.dir/src/lib/Kernel/Stubs/Audio.cpp.o
[ 71%] Building CXX object ps2xRuntime/CMakeFiles/ps2_runtime.dir/src/lib/Kernel/Stubs/CD.cpp.o
[ 75%] Building CXX object ps2xRuntime/CMakeFiles/ps2_runtime.dir/src/lib/Kernel/Stubs/Compatibility.cpp.o
[ 75%] Building CXX object ps2xRuntime/CMakeFiles/ps2_runtime.dir/src/lib/Kernel/Stubs/DMA.cpp.o
[ 75%] Building CXX object ps2xRuntime/CMakeFiles/ps2_runtime.dir/src/lib/Kernel/Stubs/Deci2.cpp.o
[ 78%] Building CXX object ps2xRuntime/CMakeFiles/ps2_runtime.dir/src/lib/Kernel/Stubs/FileIO.cpp.o
[ 78%] Building CXX object ps2xRuntime/CMakeFiles/ps2_runtime.dir/src/lib/Kernel/Stubs/Font.cpp.o
[ 78%] Building CXX object ps2xRuntime/CMakeFiles/ps2_runtime.dir/src/lib/Kernel/Stubs/GS.cpp.o
[ 78%] Building CXX object ps2xRuntime/CMakeFiles/ps2_runtime.dir/src/lib/Kernel/Stubs/IPU.cpp.o
[ 82%] Building CXX object ps2xRuntime/CMakeFiles/ps2_runtime.dir/src/lib/Kernel/Stubs/LibC.cpp.o
[ 82%] Building CXX object ps2xRuntime/CMakeFiles/ps2_runtime.dir/src/lib/Kernel/Stubs/MPEG.cpp.o
[ 82%] Building CXX object ps2xRuntime/CMakeFiles/ps2_runtime.dir/src/lib/Kernel/Stubs/MemoryCard.cpp.o
[ 85%] Building CXX object ps2xRuntime/CMakeFiles/ps2_runtime.dir/src/lib/Kernel/Stubs/Pad.cpp.o
[ 85%] Building CXX object ps2xRuntime/CMakeFiles/ps2_runtime.dir/src/lib/Kernel/Stubs/RPC.cpp.o
[ 85%] Building CXX object ps2xRuntime/CMakeFiles/ps2_runtime.dir/src/lib/Kernel/Stubs/SIF.cpp.o
[ 85%] Building CXX object ps2xRuntime/CMakeFiles/ps2_runtime.dir/src/lib/Kernel/Stubs/System.cpp.o
[ 89%] Building CXX object ps2xRuntime/CMakeFiles/ps2_runtime.dir/src/lib/Kernel/Stubs/TTY.cpp.o
[ 89%] Building CXX object ps2xRuntime/CMakeFiles/ps2_runtime.dir/src/lib/Kernel/Stubs/Unimplemented.cpp.o
[ 89%] Building CXX object ps2xRuntime/CMakeFiles/ps2_runtime.dir/src/lib/Kernel/Stubs/VU.cpp.o
[ 92%] Building CXX object ps2xRuntime/CMakeFiles/ps2_runtime.dir/src/lib/Kernel/Syscalls/Deci2.cpp.o
[ 92%] Building CXX object ps2xRuntime/CMakeFiles/ps2_runtime.dir/src/lib/Kernel/Syscalls/Dispatcher.cpp.o
[ 92%] Building CXX object ps2xRuntime/CMakeFiles/ps2_runtime.dir/src/lib/Kernel/Syscalls/FileIO.cpp.o
[ 92%] Building CXX object ps2xRuntime/CMakeFiles/ps2_runtime.dir/src/lib/Kernel/Syscalls/Interrupt.cpp.o
[ 96%] Building CXX object ps2xRuntime/CMakeFiles/ps2_runtime.dir/src/lib/Kernel/Syscalls/RPC.cpp.o
[ 96%] Building CXX object ps2xRuntime/CMakeFiles/ps2_runtime.dir/src/lib/Kernel/Syscalls/Sync.cpp.o
[ 96%] Building CXX object ps2xRuntime/CMakeFiles/ps2_runtime.dir/src/lib/Kernel/Syscalls/System.cpp.o
[100%] Building CXX object ps2xRuntime/CMakeFiles/ps2_runtime.dir/src/lib/Kernel/Syscalls/Thread.cpp.o
[100%] Linking CXX static library libps2_runtime.a
[100%] Built target ps2_runtime
